Archive member included to satisfy reference by file (symbol)

c:/st/stm32cubeide_1.7.0/stm32cubeide/plugins/com.st.stm32cube.ide.mcu.externaltools.gnu-tools-for-stm32.9-2020-q2-update.win32_2.0.0.202105311346/tools/bin/../lib/gcc/arm-none-eabi/9.3.1/../../../../arm-none-eabi/lib/thumb/v7-m/nofp\libc_nano.a(lib_a-errno.o)
                              ./Core/Src/syscalls.o (__errno)
c:/st/stm32cubeide_1.7.0/stm32cubeide/plugins/com.st.stm32cube.ide.mcu.externaltools.gnu-tools-for-stm32.9-2020-q2-update.win32_2.0.0.202105311346/tools/bin/../lib/gcc/arm-none-eabi/9.3.1/../../../../arm-none-eabi/lib/thumb/v7-m/nofp\libc_nano.a(lib_a-exit.o)
                              c:/st/stm32cubeide_1.7.0/stm32cubeide/plugins/com.st.stm32cube.ide.mcu.externaltools.gnu-tools-for-stm32.9-2020-q2-update.win32_2.0.0.202105311346/tools/bin/../lib/gcc/arm-none-eabi/9.3.1/../../../../arm-none-eabi/lib/thumb/v7-m/nofp/crt0.o (exit)
c:/st/stm32cubeide_1.7.0/stm32cubeide/plugins/com.st.stm32cube.ide.mcu.externaltools.gnu-tools-for-stm32.9-2020-q2-update.win32_2.0.0.202105311346/tools/bin/../lib/gcc/arm-none-eabi/9.3.1/../../../../arm-none-eabi/lib/thumb/v7-m/nofp\libc_nano.a(lib_a-impure.o)
                              c:/st/stm32cubeide_1.7.0/stm32cubeide/plugins/com.st.stm32cube.ide.mcu.externaltools.gnu-tools-for-stm32.9-2020-q2-update.win32_2.0.0.202105311346/tools/bin/../lib/gcc/arm-none-eabi/9.3.1/../../../../arm-none-eabi/lib/thumb/v7-m/nofp\libc_nano.a(lib_a-exit.o) (_global_impure_ptr)
c:/st/stm32cubeide_1.7.0/stm32cubeide/plugins/com.st.stm32cube.ide.mcu.externaltools.gnu-tools-for-stm32.9-2020-q2-update.win32_2.0.0.202105311346/tools/bin/../lib/gcc/arm-none-eabi/9.3.1/../../../../arm-none-eabi/lib/thumb/v7-m/nofp\libc_nano.a(lib_a-init.o)
                              c:/st/stm32cubeide_1.7.0/stm32cubeide/plugins/com.st.stm32cube.ide.mcu.externaltools.gnu-tools-for-stm32.9-2020-q2-update.win32_2.0.0.202105311346/tools/bin/../lib/gcc/arm-none-eabi/9.3.1/../../../../arm-none-eabi/lib/thumb/v7-m/nofp/crt0.o (__libc_init_array)
c:/st/stm32cubeide_1.7.0/stm32cubeide/plugins/com.st.stm32cube.ide.mcu.externaltools.gnu-tools-for-stm32.9-2020-q2-update.win32_2.0.0.202105311346/tools/bin/../lib/gcc/arm-none-eabi/9.3.1/../../../../arm-none-eabi/lib/thumb/v7-m/nofp\libc_nano.a(lib_a-memset.o)
                              c:/st/stm32cubeide_1.7.0/stm32cubeide/plugins/com.st.stm32cube.ide.mcu.externaltools.gnu-tools-for-stm32.9-2020-q2-update.win32_2.0.0.202105311346/tools/bin/../lib/gcc/arm-none-eabi/9.3.1/../../../../arm-none-eabi/lib/thumb/v7-m/nofp/crt0.o (memset)
c:/st/stm32cubeide_1.7.0/stm32cubeide/plugins/com.st.stm32cube.ide.mcu.externaltools.gnu-tools-for-stm32.9-2020-q2-update.win32_2.0.0.202105311346/tools/bin/../lib/gcc/arm-none-eabi/9.3.1/../../../../arm-none-eabi/lib/thumb/v7-m/nofp\libc_nano.a(lib_a-sprintf.o)
                              ./App/app_main.o (sprintf)
c:/st/stm32cubeide_1.7.0/stm32cubeide/plugins/com.st.stm32cube.ide.mcu.externaltools.gnu-tools-for-stm32.9-2020-q2-update.win32_2.0.0.202105311346/tools/bin/../lib/gcc/arm-none-eabi/9.3.1/../../../../arm-none-eabi/lib/thumb/v7-m/nofp\libc_nano.a(lib_a-strlen.o)
                              ./Driver/Device/esp8266.o (strlen)
c:/st/stm32cubeide_1.7.0/stm32cubeide/plugins/com.st.stm32cube.ide.mcu.externaltools.gnu-tools-for-stm32.9-2020-q2-update.win32_2.0.0.202105311346/tools/bin/../lib/gcc/arm-none-eabi/9.3.1/../../../../arm-none-eabi/lib/thumb/v7-m/nofp\libc_nano.a(lib_a-strstr.o)
                              ./Driver/Device/esp8266.o (strstr)
c:/st/stm32cubeide_1.7.0/stm32cubeide/plugins/com.st.stm32cube.ide.mcu.externaltools.gnu-tools-for-stm32.9-2020-q2-update.win32_2.0.0.202105311346/tools/bin/../lib/gcc/arm-none-eabi/9.3.1/../../../../arm-none-eabi/lib/thumb/v7-m/nofp\libc_nano.a(lib_a-nano-svfprintf.o)
                              c:/st/stm32cubeide_1.7.0/stm32cubeide/plugins/com.st.stm32cube.ide.mcu.externaltools.gnu-tools-for-stm32.9-2020-q2-update.win32_2.0.0.202105311346/tools/bin/../lib/gcc/arm-none-eabi/9.3.1/../../../../arm-none-eabi/lib/thumb/v7-m/nofp\libc_nano.a(lib_a-sprintf.o) (_svfprintf_r)
c:/st/stm32cubeide_1.7.0/stm32cubeide/plugins/com.st.stm32cube.ide.mcu.externaltools.gnu-tools-for-stm32.9-2020-q2-update.win32_2.0.0.202105311346/tools/bin/../lib/gcc/arm-none-eabi/9.3.1/../../../../arm-none-eabi/lib/thumb/v7-m/nofp\libc_nano.a(lib_a-nano-vfprintf_i.o)
                              c:/st/stm32cubeide_1.7.0/stm32cubeide/plugins/com.st.stm32cube.ide.mcu.externaltools.gnu-tools-for-stm32.9-2020-q2-update.win32_2.0.0.202105311346/tools/bin/../lib/gcc/arm-none-eabi/9.3.1/../../../../arm-none-eabi/lib/thumb/v7-m/nofp\libc_nano.a(lib_a-nano-svfprintf.o) (_printf_i)
c:/st/stm32cubeide_1.7.0/stm32cubeide/plugins/com.st.stm32cube.ide.mcu.externaltools.gnu-tools-for-stm32.9-2020-q2-update.win32_2.0.0.202105311346/tools/bin/../lib/gcc/arm-none-eabi/9.3.1/../../../../arm-none-eabi/lib/thumb/v7-m/nofp\libc_nano.a(lib_a-memchr-stub.o)
[...]
Memory Configuration

Name             Origin             Length             Attributes
RAM              0x0000000020000000 0x0000000000005000 xrw
FLASH            0x0000000008000000 0x0000000000010000 xr
*default*        0x0000000000000000 0xffffffffffffffff

Linker script and memory map

LOAD c:/st/stm32cubeide_1.7.0/stm32cubeide/plugins/com.st.stm32cube.ide.mcu.externaltools.gnu-tools-for-stm32.9-2020-q2-update.win32_2.0.0.202105311346/tools/bin/../lib/gcc/arm-none-eabi/9.3.1/thumb/v7-m/nofp/crti.o
LOAD c:/st/stm32cubeide_1.7.0/stm32cubeide/plugins/com.st.stm32cube.ide.mcu.externaltools.gnu-tools-for-stm32.9-2020-q2-update.win32_2.0.0.202105311346/tools/bin/../lib/gcc/arm-none-eabi/9.3.1/thumb/v7-m/nofp/crtbegin.o
LOAD c:/st/stm32cubeide_1.7.0/stm32cubeide/plugins/com.st.stm32cube.ide.mcu.externaltools.gnu-tools-for-stm32.9-2020-q2-update.win32_2.0.0.202105311346/tools/bin/../lib/gcc/arm-none-eabi/9.3.1/../../../../arm-none-eabi/lib/thumb/v7-m/nofp/crt0.o
LOAD ./App/app_main.o
LOAD ./BSP/bsp_button.o
LOAD ./BSP/bsp_eeprom.o
LOAD ./BSP/bsp_lcd.o
LOAD ./BSP/bsp_led.o
LOAD ./BSP/bsp_rfid.o
LOAD ./BSP/bsp_wifi.o
LOAD ./Core/Src/main.o
LOAD ./Core/Src/stm32f1xx_hal_msp.o
LOAD ./Core/Src/stm32f1xx_it.o
LOAD ./Core/Src/syscalls.o
LOAD ./Core/Src/sysmem.o
LOAD ./Core/Src/system_stm32f1xx.o
LOAD ./Core/Startup/startup_stm32f103c8tx.o
LOAD ./Driver/Component/gpio.o
LOAD ./Driver/Component/i2c.o
LOAD ./Driver/Component/spi.o
LOAD ./Driver/Device/button.o
LOAD ./Driver/Device/eeprom.o
LOAD ./Driver/Device/esp8266.o
LOAD ./Driver/Device/lcd.o
LOAD ./Driver/Device/rfid.o
LOAD ./Drivers/STM32F1xx_HAL_Driver/Src/stm32f1xx_hal.o
LOAD ./Drivers/STM32F1xx_HAL_Driver/Src/stm32f1xx_hal_cortex.o
LOAD ./Drivers/STM32F1xx_HAL_Driver/Src/stm32f1xx_hal_dma.o
LOAD ./Drivers/STM32F1xx_HAL_Driver/Src/stm32f1xx_hal_exti.o
LOAD ./Drivers/STM32F1xx_HAL_Driver/Src/stm32f1xx_hal_flash.o
LOAD ./Drivers/STM32F1xx_HAL_Driver/Src/stm32f1xx_hal_flash_ex.o
LOAD ./Drivers/STM32F1xx_HAL_Driver/Src/stm32f1xx_hal_gpio.o
LOAD ./Drivers/STM32F1xx_HAL_Driver/Src/stm32f1xx_hal_gpio_ex.o
LOAD ./Drivers/STM32F1xx_HAL_Driver/Src/stm32f1xx_hal_i2c.o
LOAD ./Drivers/STM32F1xx_HAL_Driver/Src/stm32f1xx_hal_pwr.o
LOAD ./Drivers/STM32F1xx_HAL_Driver/Src/stm32f1xx_hal_rcc.o
LOAD ./Drivers/STM32F1xx_HAL_Driver/Src/stm32f1xx_hal_rcc_ex.o
LOAD ./Drivers/STM32F1xx_HAL_Driver/Src/stm32f1xx_hal_spi.o
LOAD ./Drivers/STM32F1xx_HAL_Driver/Src/stm32f1xx_hal_tim.o
LOAD ./Drivers/STM32F1xx_HAL_Driver/Src/stm32f1xx_hal_tim_ex.o
LOAD ./Drivers/STM32F1xx_HAL_Driver/Src/stm32f1xx_hal_uart.o
LOAD ./MiddleWare/mid_rfid.o
START GROUP
LOAD c:/st/stm32cubeide_1.7.0/stm32cubeide/plugins/com.st.stm32cube.ide.mcu.externaltools.gnu-tools-for-stm32.9-2020-q2-update.win32_2.0.0.202105311346/tools/bin/../lib/gcc/arm-none-eabi/9.3.1/../../../../arm-none-eabi/lib/thumb/v7-m/nofp\libc_nano.a
LOAD c:/st/stm32cubeide_1.7.0/stm32cubeide/plugins/com.st.stm32cube.ide.mcu.externaltools.gnu-tools-for-stm32.9-2020-q2-update.win32_2.0.0.202105311346/tools/bin/../lib/gcc/arm-none-eabi/9.3.1/../../../../arm-none-eabi/lib/thumb/v7-m/nofp\libm.a
END GROUP
START GROUP
LOAD c:/st/stm32cubeide_1.7.0/stm32cubeide/plugins/com.st.stm32cube.ide.mcu.externaltools.gnu-tools-for-stm32.9-2020-q2-update.win32_2.0.0.202105311346/tools/bin/../lib/gcc/arm-none-eabi/9.3.1/thumb/v7-m/nofp\libgcc.a
LOAD c:/st/stm32cubeide_1.7.0/stm32cubeide/plugins/com.st.stm32cube.ide.mcu.externaltools.gnu-tools-for-stm32.9-2020-q2-update.win32_2.0.0.202105311346/tools/bin/../lib/gcc/arm-none-eabi/9.3.1/../../../../arm-none-eabi/lib/thumb/v7-m/nofp\libc_nano.a
END GROUP
START GROUP
LOAD c:/st/stm32cubeide_1.7.0/stm32cubeide/plugins/com.st.stm32cube.ide.mcu.externaltools.gnu-tools-for-stm32.9-2020-q2-update.win32_2.0.0.202105311346/tools/bin/../lib/gcc/arm-none-eabi/9.3.1/thumb/v7-m/nofp\libgcc.a
LOAD c:/st/stm32cubeide_1.7.0/stm32cubeide/plugins/com.st.stm32cube.ide.mcu.externaltools.gnu-tools-for-stm32.9-2020-q2-update.win32_2.0.0.202105311346/tools/bin/../lib/gcc/arm-none-eabi/9.3.1/../../../../arm-none-eabi/lib/thumb/v7-m/nofp\libc_nano.a
LOAD c:/st/stm32cubeide_1.7.0/stm32cubeide/plugins/com.st.stm32cube.ide.mcu.externaltools.gnu-tools-for-stm32.9-2020-q2-update.win32_2.0.0.202105311346/tools/bin/../lib/gcc/arm-none-eabi/9.3.1/../../../../arm-none-eabi/lib/thumb/v7-m/nofp\libnosys.a
END GROUP
START GROUP
LOAD c:/st/stm32cubeide_1.7.0/stm32cubeide/plugins/com.st.stm32cube.ide.mcu.externaltools.gnu-tools-for-stm32.9-2020-q2-update.win32_2.0.0.202105311346/tools/bin/../lib/gcc/arm-none-eabi/9.3.1/thumb/v7-m/nofp\libgcc.a
LOAD c:/st/stm32cubeide_1.7.0/stm32cubeide/plugins/com.st.stm32cube.ide.mcu.externaltools.gnu-tools-for-stm32.9-2020-q2-update.win32_2.0.0.202105311346/tools/bin/../lib/gcc/arm-none-eabi/9.3.1/../../../../arm-none-eabi/lib/thumb/v7-m/nofp\libc_nano.a
LOAD c:/st/stm32cubeide_1.7.0/stm32cubeide/plugins/com.st.stm32cube.ide.mcu.externaltools.gnu-tools-for-stm32.9-2020-q2-update.win32_2.0.0.202105311346/tools/bin/../lib/gcc/arm-none-eabi/9.3.1/../../../../arm-none-eabi/lib/thumb/v7-m/nofp\libnosys.a
END GROUP
LOAD c:/st/stm32cubeide_1.7.0/stm32cubeide/plugins/com.st.stm32cube.ide.mcu.externaltools.gnu-tools-for-stm32.9-2020-q2-update.win32_2.0.0.202105311346/tools/bin/../lib/gcc/arm-none-eabi/9.3.1/thumb/v7-m/nofp/crtend.o
LOAD c:/st/stm32cubeide_1.7.0/stm32cubeide/plugins/com.st.stm32cube.ide.mcu.externaltools.gnu-tools-for-stm32.9-2020-q2-update.win32_2.0.0.202105311346/tools/bin/../lib/gcc/arm-none-eabi/9.3.1/thumb/v7-m/nofp/crtn.o
                0x0000000020005000                _estack = (ORIGIN (RAM) + LENGTH (RAM))
                0x0000000000000200                _Min_Heap_Size = 0x200
                0x0000000000000400                _Min_Stack_Size = 0x400

.isr_vector     0x0000000008000000      0x10c
                0x0000000008000000                . = ALIGN (0x4)
 *(.isr_vector)
 .isr_vector    0x0000000008000000      0x10c ./Core/Startup/startup_stm32f103c8tx.o
                0x0000000008000000                g_pfnVectors
                0x000000000800010c                . = ALIGN (0x4)

.text           0x000000000800010c     0x53b4
                0x000000000800010c                . = ALIGN (0x4)
 *(.text)
 .text          0x000000000800010c       0x40 c:/st/stm32cubeide_1.7.0/stm32cubeide/plugins/com.st.stm32cube.ide.mcu.externaltools.gnu-tools-for-stm32.9-2020-q2-update.win32_2.0.0.202105311346/tools/bin/../lib/gcc/arm-none-eabi/9.3.1/thumb/v7-m/nofp/crtbegin.o
 .text          0x000000000800014c       0x10 c:/st/stm32cubeide_1.7.0/stm32cubeide/plugins/com.st.stm32cube.ide.mcu.externaltools.gnu-tools-for-stm32.9-2020-q2-update.win32_2.0.0.202105311346/tools/bin/../lib/gcc/arm-none-eabi/9.3.1/../../../../arm-none-eabi/lib/thumb/v7-m/nofp\libc_nano.a(lib_a-strlen.o)
                0x000000000800014c                strlen
 *(.text*)
 .text.App_Show_Screen
                0x000000000800015c       0x54 ./App/app_main.o
                0x000000000800015c                App_Show_Screen
 .text.App_Init
                0x00000000080001b0       0xc4 ./App/app_main.o
                0x00000000080001b0                App_Init
 .text.App_Loop
                0x0000000008000274      0x348 ./App/app_main.o
                0x0000000008000274                App_Loop
 .text.bsp_button_init
                0x00000000080005bc        0xc ./BSP/bsp_button.o
                0x00000000080005bc                bsp_button_init
 .text.bsp_button_get_state
                0x00000000080005c8       0x4c ./BSP/bsp_button.o
                0x00000000080005c8                bsp_button_get_state
 .text.bsp_eeprom_write
                0x0000000008000614       0x24 ./BSP/bsp_eeprom.o
                0x0000000008000614                bsp_eeprom_write
 .text.bsp_eeprom_read
                0x0000000008000638       0x24 ./BSP/bsp_eeprom.o
                0x0000000008000638                bsp_eeprom_read
 .text.bsp_lcd_init
                0x000000000800065c        0xc ./BSP/bsp_lcd.o
                0x000000000800065c                bsp_lcd_init
 .text.bsp_lcd_clear
                0x0000000008000668        0xc ./BSP/bsp_lcd.o
                0x0000000008000668                bsp_lcd_clear
 .text.bsp_lcd_write
                0x0000000008000674       0x2a ./BSP/bsp_lcd.o
                0x0000000008000674                bsp_lcd_write
 .text.bsp_led_init
                0x000000000800069e        0xc ./BSP/bsp_led.o
                0x000000000800069e                bsp_led_init
 *fill*         0x00000000080006aa        0x2 
 .text.bsp_led_on
                0x00000000080006ac       0x18 ./BSP/bsp_led.o
                0x00000000080006ac                bsp_led_on
 .text.bsp_led_off
                0x00000000080006c4       0x18 ./BSP/bsp_led.o
                0x00000000080006c4                bsp_led_off
 .text.bsp_led_blink
                0x00000000080006dc       0x3a ./BSP/bsp_led.o
                0x00000000080006dc                bsp_led_blink
 .text.bsp_beep
                0x0000000008000716       0x16 ./BSP/bsp_led.o
                0x0000000008000716                bsp_beep
 .text.bsp_rfid_init
                0x000000000800072c        0xc ./BSP/bsp_rfid.o
                0x000000000800072c                bsp_rfid_init
 .text.bsp_rfid_check
                0x0000000008000738       0x22 ./BSP/bsp_rfid.o
                0x0000000008000738                bsp_rfid_check
 .text.bsp_wifi_init
                0x000000000800075a        0xc ./BSP/bsp_wifi.o
                0x000000000800075a                bsp_wifi_init
 .text.bsp_wifi_is_connected
                0x0000000008000766        0xe ./BSP/bsp_wifi.o
                0x0000000008000766                bsp_wifi_is_connected
 .text.bsp_wifi_send
                0x0000000008000774       0x16 ./BSP/bsp_wifi.o
                0x0000000008000774                bsp_wifi_send
 .text.main     0x000000000800078a       0x26 ./Core/Src/main.o
                0x000000000800078a                main
 .text.SystemClock_Config
                0x00000000080007b0       0x8a ./Core/Src/main.o
                0x00000000080007b0                SystemClock_Config
 *fill*         0x000000000800083a        0x2 
 .text.MX_I2C1_Init
                0x000000000800083c       0x5c ./Core/Src/main.o
 .text.MX_SPI1_Init
                0x0000000008000898       0x6c ./Core/Src/main.o
 .text.MX_USART2_UART_Init
                0x0000000008000904       0x54 ./Core/Src/main.o
 .text.MX_GPIO_Init
                0x0000000008000958      0x120 ./Core/Src/main.o
 .text.Error_Handler
                0x0000000008000a78        0xa ./Core/Src/main.o
                0x0000000008000a78                Error_Handler
 *fill*         0x0000000008000a82        0x2 
 .text.HAL_MspInit
                0x0000000008000a84       0x64 ./Core/Src/stm32f1xx_hal_msp.o
                0x0000000008000a84                HAL_MspInit
 .text.HAL_I2C_MspInit
                0x0000000008000ae8       0x7c ./Core/Src/stm32f1xx_hal_msp.o
                0x0000000008000ae8                HAL_I2C_MspInit
 .text.HAL_SPI_MspInit
                0x0000000008000b64       0x94 ./Core/Src/stm32f1xx_hal_msp.o
                0x0000000008000b64                HAL_SPI_MspInit
 .text.HAL_UART_MspInit
                0x0000000008000bf8       0xa4 ./Core/Src/stm32f1xx_hal_msp.o
                0x0000000008000bf8                HAL_UART_MspInit
 .text.NMI_Handler
                0x0000000008000c9c        0x6 ./Core/Src/stm32f1xx_it.o
                0x0000000008000c9c                NMI_Handler
 .text.HardFault_Handler
                0x0000000008000ca2        0x6 ./Core/Src/stm32f1xx_it.o
                0x0000000008000ca2                HardFault_Handler
 .text.MemManage_Handler
                0x0000000008000ca8        0x6 ./Core/Src/stm32f1xx_it.o
                0x0000000008000ca8                MemManage_Handler
 .text.BusFault_Handler
                0x0000000008000cae        0x6 ./Core/Src/stm32f1xx_it.o
                0x0000000008000cae                BusFault_Handler
 .text.UsageFault_Handler
                0x0000000008000cb4        0x6 ./Core/Src/stm32f1xx_it.o
                0x0000000008000cb4                UsageFault_Handler
 .text.SVC_Handler
                0x0000000008000cba        0xc ./Core/Src/stm32f1xx_it.o
                0x0000000008000cba                SVC_Handler
 .text.DebugMon_Handler
                0x0000000008000cc6        0xc ./Core/Src/stm32f1xx_it.o
                0x0000000008000cc6                DebugMon_Handler
 .text.PendSV_Handler
                0x0000000008000cd2        0xc ./Core/Src/stm32f1xx_it.o
                0x0000000008000cd2                PendSV_Handler
 .text.SysTick_Handler
                0x0000000008000cde        0xc ./Core/Src/stm32f1xx_it.o
                0x0000000008000cde                SysTick_Handler
 *fill*         0x0000000008000cea        0x2 
 .text.USART2_IRQHandler
                0x0000000008000cec       0x14 ./Core/Src/stm32f1xx_it.o
                0x0000000008000cec                USART2_IRQHandler
 .text._sbrk    0x0000000008000d00       0x6c ./Core/Src/sysmem.o
                0x0000000008000d00                _sbrk
 .text.SystemInit
                0x0000000008000d6c        0xc ./Core/Src/system_stm32f1xx.o
                0x0000000008000d6c                SystemInit
 .text.Reset_Handler
                0x0000000008000d78       0x48 ./Core/Startup/startup_stm32f103c8tx.o
                0x0000000008000d78                Reset_Handler
 .text.Default_Handler
                0x0000000008000dc0        0x2 ./Core/Startup/startup_stm32f103c8tx.o
                0x0000000008000dc0                RTC_Alarm_IRQHandler
                0x0000000008000dc0                EXTI2_IRQHandler
                0x0000000008000dc0                TIM1_CC_IRQHandler
                0x0000000008000dc0                PVD_IRQHandler
                0x0000000008000dc0                EXTI3_IRQHandler
                0x0000000008000dc0                EXTI0_IRQHandler
                0x0000000008000dc0                I2C2_EV_IRQHandler
                0x0000000008000dc0                ADC1_2_IRQHandler
                0x0000000008000dc0                SPI1_IRQHandler
                0x0000000008000dc0                TAMPER_IRQHandler
                0x0000000008000dc0                DMA1_Channel4_IRQHandler
                0x0000000008000dc0                USART3_IRQHandler
                0x0000000008000dc0                RTC_IRQHandler
                0x0000000008000dc0                DMA1_Channel7_IRQHandler
                0x0000000008000dc0                CAN1_RX1_IRQHandler
                0x0000000008000dc0                TIM4_IRQHandler
                0x0000000008000dc0                I2C1_EV_IRQHandler
                0x0000000008000dc0                DMA1_Channel6_IRQHandler
                0x0000000008000dc0                TIM3_IRQHandler
                0x0000000008000dc0                RCC_IRQHandler
                0x0000000008000dc0                TIM1_TRG_COM_IRQHandler
                0x0000000008000dc0                DMA1_Channel1_IRQHandler
                0x0000000008000dc0                Default_Handler
                0x0000000008000dc0                EXTI15_10_IRQHandler
                0x0000000008000dc0                EXTI9_5_IRQHandler
                0x0000000008000dc0                SPI2_IRQHandler
                0x0000000008000dc0                DMA1_Channel5_IRQHandler
                0x0000000008000dc0                EXTI4_IRQHandler
                0x0000000008000dc0                USB_LP_CAN1_RX0_IRQHandler
                0x0000000008000dc0                USB_HP_CAN1_TX_IRQHandler
                0x0000000008000dc0                DMA1_Channel3_IRQHandler
                0x0000000008000dc0                TIM1_UP_IRQHandler
                0x0000000008000dc0                WWDG_IRQHandler
                0x0000000008000dc0                TIM2_IRQHandler
                0x0000000008000dc0                TIM1_BRK_IRQHandler
                0x0000000008000dc0                EXTI1_IRQHandler
                0x0000000008000dc0                I2C2_ER_IRQHandler
                0x0000000008000dc0                DMA1_Channel2_IRQHandler
                0x0000000008000dc0                CAN1_SCE_IRQHandler
                0x0000000008000dc0                FLASH_IRQHandler
                0x0000000008000dc0                USART1_IRQHandler
                0x0000000008000dc0                I2C1_ER_IRQHandler
                0x0000000008000dc0                USBWakeUp_IRQHandler
 .text.MCU_GPIO_Write
                0x0000000008000dc2       0x38 ./Driver/Component/gpio.o
                0x0000000008000dc2                MCU_GPIO_Write
 *fill*         0x0000000008000dfa        0x2 
 .text.MCU_I2C_Mem_Write
                0x0000000008000dfc       0x3c ./Driver/Component/i2c.o
                0x0000000008000dfc                MCU_I2C_Mem_Write
 .text.MCU_I2C_Mem_Read
                0x0000000008000e38       0x3c ./Driver/Component/i2c.o
                0x0000000008000e38                MCU_I2C_Mem_Read
 .text.MCU_SPI_Transfer
                0x0000000008000e74       0x30 ./Driver/Component/spi.o
                0x0000000008000e74                MCU_SPI_Transfer
 .text.EEPROM_Write
                0x0000000008000ea4       0x2a ./Driver/Device/eeprom.o
                0x0000000008000ea4                EEPROM_Write
 .text.EEPROM_Read
                0x0000000008000ece       0x24 ./Driver/Device/eeprom.o
                0x0000000008000ece                EEPROM_Read
 *fill*         0x0000000008000ef2        0x2 
 .text.ESP_Send_AT
                0x0000000008000ef4       0x2c ./Driver/Device/esp8266.o
                0x0000000008000ef4                ESP_Send_AT
 .text.ESP_Init
                0x0000000008000f20       0x5c ./Driver/Device/esp8266.o
                0x0000000008000f20                ESP_Init
 .text.ESP_Send_Data_To_Server
                0x0000000008000f7c       0x98 ./Driver/Device/esp8266.o
                0x0000000008000f7c                ESP_Send_Data_To_Server
 .text.ESP_Check_Alive
                0x0000000008001014       0x74 ./Driver/Device/esp8266.o
                0x0000000008001014                ESP_Check_Alive
 .text.LCD_Send4Bit
                0x0000000008001088       0x74 ./Driver/Device/lcd.o
 .text.LCD_Enable
                0x00000000080010fc       0x30 ./Driver/Device/lcd.o
 .text.LCD_Send
                0x000000000800112c       0x4c ./Driver/Device/lcd.o
 .text.LCD_Init
                0x0000000008001178       0xa4 ./Driver/Device/lcd.o
                0x0000000008001178                LCD_Init
 .text.LCD_Clear
                0x000000000800121c       0x16 ./Driver/Device/lcd.o
                0x000000000800121c                LCD_Clear
 .text.LCD_SetCursor
                0x0000000008001232       0x38 ./Driver/Device/lcd.o
                0x0000000008001232                LCD_SetCursor
 .text.LCD_WriteString
                0x000000000800126a       0x2c ./Driver/Device/lcd.o
                0x000000000800126a                LCD_WriteString
 *fill*         0x0000000008001296        0x2 
 .text.Write_Reg
                0x0000000008001298       0x4c ./Driver/Device/rfid.o
 .text.Read_Reg
                0x00000000080012e4       0x50 ./Driver/Device/rfid.o
 .text.SetBitMask
                0x0000000008001334       0x34 ./Driver/Device/rfid.o
 .text.ClearBitMask
                0x0000000008001368       0x3c ./Driver/Device/rfid.o
 .text.AntennaOn
                0x00000000080013a4       0x2a ./Driver/Device/rfid.o
 .text.MFRC522_Reset
                0x00000000080013ce       0x10 ./Driver/Device/rfid.o
 .text.MFRC522_ToCard
                0x00000000080013de      0x19e ./Driver/Device/rfid.o
 .text.MFRC522_Request
                0x000000000800157c       0x4a ./Driver/Device/rfid.o
 .text.MFRC522_Anticoll
                0x00000000080015c6       0x78 ./Driver/Device/rfid.o
 *fill*         0x000000000800163e        0x2 
 .text.MFRC522_Init
                0x0000000008001640       0x74 ./Driver/Device/rfid.o
                0x0000000008001640                MFRC522_Init
 .text.MFRC522_Check
                0x00000000080016b4       0x40 ./Driver/Device/rfid.o
                0x00000000080016b4                MFRC522_Check
 .text.HAL_Init
                0x00000000080016f4       0x2c ./Drivers/STM32F1xx_HAL_Driver/Src/stm32f1xx_hal.o
                0x00000000080016f4                HAL_Init
 .text.HAL_InitTick
                0x0000000008001720       0x60 ./Drivers/STM32F1xx_HAL_Driver/Src/stm32f1xx_hal.o
                0x0000000008001720                HAL_InitTick
 .text.HAL_IncTick
                0x0000000008001780       0x24 ./Drivers/STM32F1xx_HAL_Driver/Src/stm32f1xx_hal.o
                0x0000000008001780                HAL_IncTick
 .text.HAL_GetTick
                0x00000000080017a4       0x14 ./Drivers/STM32F1xx_HAL_Driver/Src/stm32f1xx_hal.o
                0x00000000080017a4                HAL_GetTick
 .text.HAL_Delay
                0x00000000080017b8       0x48 ./Drivers/STM32F1xx_HAL_Driver/Src/stm32f1xx_hal.o
                0x00000000080017b8                HAL_Delay
 .text.__NVIC_SetPriorityGrouping
                0x0000000008001800       0x48 ./Drivers/STM32F1xx_HAL_Driver/Src/stm32f1xx_hal_cortex.o
 .text.__NVIC_GetPriorityGrouping
                0x0000000008001848       0x1c ./Drivers/STM32F1xx_HAL_Driver/Src/stm32f1xx_hal_cortex.o
 .text.__NVIC_EnableIRQ
                0x0000000008001864       0x38 ./Drivers/STM32F1xx_HAL_Driver/Src/stm32f1xx_hal_cortex.o
 .text.__NVIC_SetPriority
                0x000000000800189c       0x54 ./Drivers/STM32F1xx_HAL_Driver/Src/stm32f1xx_hal_cortex.o
 .text.NVIC_EncodePriority
                0x00000000080018f0       0x64 ./Drivers/STM32F1xx_HAL_Driver/Src/stm32f1xx_hal_cortex.o
 .text.SysTick_Config
                0x0000000008001954       0x44 ./Drivers/STM32F1xx_HAL_Driver/Src/stm32f1xx_hal_cortex.o
 .text.HAL_NVIC_SetPriorityGrouping
                0x0000000008001998       0x16 ./Drivers/STM32F1xx_HAL_Driver/Src/stm32f1xx_hal_cortex.o
                0x0000000008001998                HAL_NVIC_SetPriorityGrouping
 .text.HAL_NVIC_SetPriority
                0x00000000080019ae       0x38 ./Drivers/STM32F1xx_HAL_Driver/Src/stm32f1xx_hal_cortex.o
                0x00000000080019ae                HAL_NVIC_SetPriority
 .text.HAL_NVIC_EnableIRQ
                0x00000000080019e6       0x1c ./Drivers/STM32F1xx_HAL_Driver/Src/stm32f1xx_hal_cortex.o
                0x00000000080019e6                HAL_NVIC_EnableIRQ
 .text.HAL_SYSTICK_Config
                0x0000000008001a02       0x18 ./Drivers/STM32F1xx_HAL_Driver/Src/stm32f1xx_hal_cortex.o
                0x0000000008001a02                HAL_SYSTICK_Config
 .text.HAL_DMA_Abort
                0x0000000008001a1a       0x76 ./Drivers/STM32F1xx_HAL_Driver/Src/stm32f1xx_hal_dma.o
                0x0000000008001a1a                HAL_DMA_Abort
 .text.HAL_DMA_Abort_IT
                0x0000000008001a90       0xf0 ./Drivers/STM32F1xx_HAL_Driver/Src/stm32f1xx_hal_dma.o
                0x0000000008001a90                HAL_DMA_Abort_IT
 .text.HAL_GPIO_Init
                0x0000000008001b80      0x308 ./Drivers/STM32F1xx_HAL_Driver/Src/stm32f1xx_hal_gpio.o
                0x0000000008001b80                HAL_GPIO_Init
 .text.HAL_GPIO_ReadPin
                0x0000000008001e88       0x2e ./Drivers/STM32F1xx_HAL_Driver/Src/stm32f1xx_hal_gpio.o
                0x0000000008001e88                HAL_GPIO_ReadPin
 .text.HAL_GPIO_WritePin
                0x0000000008001eb6       0x30 ./Drivers/STM32F1xx_HAL_Driver/Src/stm32f1xx_hal_gpio.o
                0x0000000008001eb6                HAL_GPIO_WritePin
 *fill*         0x0000000008001ee6        0x2 
 .text.HAL_I2C_Init
                0x0000000008001ee8      0x288 ./Drivers/STM32F1xx_HAL_Driver/Src/stm32f1xx_hal_i2c.o
                0x0000000008001ee8                HAL_I2C_Init
 .text.HAL_I2C_Mem_Write
                0x0000000008002170      0x1f4 ./Drivers/STM32F1xx_HAL_Driver/Src/stm32f1xx_hal_i2c.o
                0x0000000008002170                HAL_I2C_Mem_Write
 .text.HAL_I2C_Mem_Read
                0x0000000008002364      0x4e8 ./Drivers/STM32F1xx_HAL_Driver/Src/stm32f1xx_hal_i2c.o
                0x0000000008002364                HAL_I2C_Mem_Read
 .text.I2C_RequestMemoryWrite
                0x000000000800284c      0x12c ./Drivers/STM32F1xx_HAL_Driver/Src/stm32f1xx_hal_i2c.o
 .text.I2C_RequestMemoryRead
                0x0000000008002978      0x1d0 ./Drivers/STM32F1xx_HAL_Driver/Src/stm32f1xx_hal_i2c.o
 .text.I2C_WaitOnFlagUntilTimeout
                0x0000000008002b48       0xf4 ./Drivers/STM32F1xx_HAL_Driver/Src/stm32f1xx_hal_i2c.o
 .text.I2C_WaitOnMasterAddressFlagUntilTimeout
                0x0000000008002c3c      0x140 ./Drivers/STM32F1xx_HAL_Driver/Src/stm32f1xx_hal_i2c.o
 .text.I2C_WaitOnTXEFlagUntilTimeout
                0x0000000008002d7c       0x90 ./Drivers/STM32F1xx_HAL_Driver/Src/stm32f1xx_hal_i2c.o
 .text.I2C_WaitOnBTFFlagUntilTimeout
                0x0000000008002e0c       0x90 ./Drivers/STM32F1xx_HAL_Driver/Src/stm32f1xx_hal_i2c.o
 .text.I2C_WaitOnRXNEFlagUntilTimeout
                0x0000000008002e9c       0xba ./Drivers/STM32F1xx_HAL_Driver/Src/stm32f1xx_hal_i2c.o
 .text.I2C_IsAcknowledgeFailed
                0x0000000008002f56       0x5c ./Drivers/STM32F1xx_HAL_Driver/Src/stm32f1xx_hal_i2c.o
 *fill*         0x0000000008002fb2        0x2 
 .text.HAL_RCC_OscConfig
                0x0000000008002fb4      0x500 ./Drivers/STM32F1xx_HAL_Driver/Src/stm32f1xx_hal_rcc.o
                0x0000000008002fb4                HAL_RCC_OscConfig
 .text.HAL_RCC_ClockConfig
                0x00000000080034b4      0x1d4 ./Drivers/STM32F1xx_HAL_Driver/Src/stm32f1xx_hal_rcc.o
                0x00000000080034b4                HAL_RCC_ClockConfig
 .text.HAL_RCC_GetSysClockFreq
                0x0000000008003688       0xa8 ./Drivers/STM32F1xx_HAL_Driver/Src/stm32f1xx_hal_rcc.o
                0x0000000008003688                HAL_RCC_GetSysClockFreq
 .text.HAL_RCC_GetHCLKFreq
                0x0000000008003730       0x14 ./Drivers/STM32F1xx_HAL_Driver/Src/stm32f1xx_hal_rcc.o
                0x0000000008003730                HAL_RCC_GetHCLKFreq
 .text.HAL_RCC_GetPCLK1Freq
                0x0000000008003744       0x28 ./Drivers/STM32F1xx_HAL_Driver/Src/stm32f1xx_hal_rcc.o
                0x0000000008003744                HAL_RCC_GetPCLK1Freq
 .text.HAL_RCC_GetPCLK2Freq
                0x000000000800376c       0x28 ./Drivers/STM32F1xx_HAL_Driver/Src/stm32f1xx_hal_rcc.o
                0x000000000800376c                HAL_RCC_GetPCLK2Freq
 .text.RCC_Delay
                0x0000000008003794       0x3c ./Drivers/STM32F1xx_HAL_Driver/Src/stm32f1xx_hal_rcc.o
 .text.HAL_SPI_Init
                0x00000000080037d0      0x108 ./Drivers/STM32F1xx_HAL_Driver/Src/stm32f1xx_hal_spi.o
                0x00000000080037d0                HAL_SPI_Init
 .text.HAL_SPI_TransmitReceive
                0x00000000080038d8      0x352 ./Drivers/STM32F1xx_HAL_Driver/Src/stm32f1xx_hal_spi.o
                0x00000000080038d8                HAL_SPI_TransmitReceive
 *fill*         0x0000000008003c2a        0x2 
 .text.SPI_WaitFlagStateUntilTimeout
                0x0000000008003c2c      0x110 ./Drivers/STM32F1xx_HAL_Driver/Src/stm32f1xx_hal_spi.o
 .text.SPI_EndRxTxTransaction
                0x0000000008003d3c       0x62 ./Drivers/STM32F1xx_HAL_Driver/Src/stm32f1xx_hal_spi.o
 .text.HAL_UART_Init
                0x0000000008003d9e       0xa0 ./Drivers/STM32F1xx_HAL_Driver/Src/stm32f1xx_hal_uart.o
                0x0000000008003d9e                HAL_UART_Init
 .text.HAL_UART_Transmit
                0x0000000008003e3e      0x116 ./Drivers/STM32F1xx_HAL_Driver/Src/stm32f1xx_hal_uart.o
                0x0000000008003e3e                HAL_UART_Transmit
 .text.HAL_UART_Receive
                0x0000000008003f54      0x12e ./Drivers/STM32F1xx_HAL_Driver/Src/stm32f1xx_hal_uart.o
                0x0000000008003f54                HAL_UART_Receive
 *fill*         0x0000000008004082        0x2 
 .text.HAL_UART_IRQHandler
                0x0000000008004084      0x524 ./Drivers/STM32F1xx_HAL_Driver/Src/stm32f1xx_hal_uart.o
                0x0000000008004084                HAL_UART_IRQHandler
 .text.HAL_UART_TxCpltCallback
                0x00000000080045a8       0x12 ./Drivers/STM32F1xx_HAL_Driver/Src/stm32f1xx_hal_uart.o
                0x00000000080045a8                HAL_UART_TxCpltCallback
 .text.HAL_UART_RxCpltCallback
                0x00000000080045ba       0x12 ./Drivers/STM32F1xx_HAL_Driver/Src/stm32f1xx_hal_uart.o
                0x00000000080045ba                HAL_UART_RxCpltCallback
 .text.HAL_UART_ErrorCallback
                0x00000000080045cc       0x12 ./Drivers/STM32F1xx_HAL_Driver/Src/stm32f1xx_hal_uart.o
                0x00000000080045cc                HAL_UART_ErrorCallback
 .text.HAL_UARTEx_RxEventCallback
                0x00000000080045de       0x16 ./Drivers/STM32F1xx_HAL_Driver/Src/stm32f1xx_hal_uart.o
                0x00000000080045de                HAL_UARTEx_RxEventCallback
 .text.UART_WaitOnFlagUntilTimeout
                0x00000000080045f4       0xb2 ./Drivers/STM32F1xx_HAL_Driver/Src/stm32f1xx_hal_uart.o
 .text.UART_EndRxTransfer
                0x00000000080046a6       0xc4 ./Drivers/STM32F1xx_HAL_Driver/Src/stm32f1xx_hal_uart.o
 .text.UART_DMAAbortOnError
                0x000000000800476a       0x28 ./Drivers/STM32F1xx_HAL_Driver/Src/stm32f1xx_hal_uart.o
 .text.UART_Transmit_IT
                0x0000000008004792       0x9e ./Drivers/STM32F1xx_HAL_Driver/Src/stm32f1xx_hal_uart.o
 .text.UART_EndTransmit_IT
                0x0000000008004830       0x30 ./Drivers/STM32F1xx_HAL_Driver/Src/stm32f1xx_hal_uart.o
 .text.UART_Receive_IT
                0x0000000008004860      0x17c ./Drivers/STM32F1xx_HAL_Driver/Src/stm32f1xx_hal_uart.o
 .text.UART_SetConfig
                0x00000000080049dc      0x11c ./Drivers/STM32F1xx_HAL_Driver/Src/stm32f1xx_hal_uart.o
 .text.MID_RFID_Compare
                0x0000000008004af8       0x40 ./MiddleWare/mid_rfid.o
                0x0000000008004af8                MID_RFID_Compare
 .text.MID_RFID_Copy
                0x0000000008004b38       0x1e ./MiddleWare/mid_rfid.o
                0x0000000008004b38                MID_RFID_Copy
 *fill*         0x0000000008004b56        0x2 
 .text.MID_WiFi_Submit_Attendance
                0x0000000008004b58       0x4c ./MiddleWare/mid_rfid.o
                0x0000000008004b58                MID_WiFi_Submit_Attendance
 .text.__errno  0x0000000008004ba4        0xc c:/st/stm32cubeide_1.7.0/stm32cubeide/plugins/com.st.stm32cube.ide.mcu.externaltools.gnu-tools-for-stm32.9-2020-q2-update.win32_2.0.0.202105311346/tools/bin/../lib/gcc/arm-none-eabi/9.3.1/../../../../arm-none-eabi/lib/thumb/v7-m/nofp\libc_nano.a(lib_a-errno.o)
                0x0000000008004ba4                __errno
 .text.__libc_init_array
                0x0000000008004bb0       0x48 c:/st/stm32cubeide_1.7.0/stm32cubeide/plugins/com.st.stm32cube.ide.mcu.externaltools.gnu-tools-for-stm32.9-2020-q2-update.win32_2.0.0.202105311346/tools/bin/../lib/gcc/arm-none-eabi/9.3.1/../../../../arm-none-eabi/lib/thumb/v7-m/nofp\libc_nano.a(lib_a-init.o)
                0x0000000008004bb0                __libc_init_array
 .text.memset   0x0000000008004bf8       0x10 c:/st/stm32cubeide_1.7.0/stm32cubeide/plugins/com.st.stm32cube.ide.mcu.externaltools.gnu-tools-for-stm32.9-2020-q2-update.win32_2.0.0.202105311346/tools/bin/../lib/gcc/arm-none-eabi/9.3.1/../../../../arm-none-eabi/lib/thumb/v7-m/nofp\libc_nano.a(lib_a-memset.o)
                0x0000000008004bf8                memset
 .text.sprintf  0x0000000008004c08       0x40 c:/st/stm32cubeide_1.7.0/stm32cubeide/plugins/com.st.stm32cube.ide.mcu.externaltools.gnu-tools-for-stm32.9-2020-q2-update.win32_2.0.0.202105311346/tools/bin/../lib/gcc/arm-none-eabi/9.3.1/../../../../arm-none-eabi/lib/thumb/v7-m/nofp\libc_nano.a(lib_a-sprintf.o)
                0x0000000008004c08                siprintf
                0x0000000008004c08                sprintf
 .text.strstr   0x0000000008004c48       0x2e c:/st/stm32cubeide_1.7.0/stm32cubeide/plugins/com.st.stm32cube.ide.mcu.externaltools.gnu-tools-for-stm32.9-2020-q2-update.win32_2.0.0.202105311346/tools/bin/../lib/gcc/arm-none-eabi/9.3.1/../../../../arm-none-eabi/lib/thumb/v7-m/nofp\libc_nano.a(lib_a-strstr.o)
                0x0000000008004c48                strstr
 .text.__ssputs_r
                0x0000000008004c76       0xb6 c:/st/stm32cubeide_1.7.0/stm32cubeide/plugins/com.st.stm32cube.ide.mcu.externaltools.gnu-tools-for-stm32.9-2020-q2-update.win32_2.0.0.202105311346/tools/bin/../lib/gcc/arm-none-eabi/9.3.1/../../../../arm-none-eabi/lib/thumb/v7-m/nofp\libc_nano.a(lib_a-nano-svfprintf.o)
                0x0000000008004c76                __ssputs_r
 .text._svfprintf_r
                0x0000000008004d2c      0x200 c:/st/stm32cubeide_1.7.0/stm32cubeide/plugins/com.st.stm32cube.ide.mcu.externaltools.gnu-tools-for-stm32.9-2020-q2-update.win32_2.0.0.202105311346/tools/bin/../lib/gcc/arm-none-eabi/9.3.1/../../../../arm-none-eabi/lib/thumb/v7-m/nofp\libc_nano.a(lib_a-nano-svfprintf.o)
                0x0000000008004d2c                _svfiprintf_r
                0x0000000008004d2c                _svfprintf_r
 .text._printf_common
                0x0000000008004f2c       0xde c:/st/stm32cubeide_1.7.0/stm32cubeide/plugins/com.st.stm32cube.ide.mcu.externaltools.gnu-tools-for-stm32.9-2020-q2-update.win32_2.0.0.202105311346/tools/bin/../lib/gcc/arm-none-eabi/9.3.1/../../../../arm-none-eabi/lib/thumb/v7-m/nofp\libc_nano.a(lib_a-nano-vfprintf_i.o)
                0x0000000008004f2c                _printf_common
 *fill*         0x000000000800500a        0x2 
 .text._printf_i
                0x000000000800500c      0x24c c:/st/stm32cubeide_1.7.0/stm32cubeide/plugins/com.st.stm32cube.ide.mcu.externaltools.gnu-tools-for-stm32.9-2020-q2-update.win32_2.0.0.202105311346/tools/bin/../lib/gcc/arm-none-eabi/9.3.1/../../../../arm-none-eabi/lib/thumb/v7-m/nofp\libc_nano.a(lib_a-nano-vfprintf_i.o)
                0x000000000800500c                _printf_i
 .text.memchr   0x0000000008005258       0x1c c:/st/stm32cubeide_1.7.0/stm32cubeide/plugins/com.st.stm32cube.ide.mcu.externaltools.gnu-tools-for-stm32.9-2020-q2-update.win32_2.0.0.202105311346/tools/bin/../lib/gcc/arm-none-eabi/9.3.1/../../../../arm-none-eabi/lib/thumb/v7-m/nofp\libc_nano.a(lib_a-memchr-stub.o)
                0x0000000008005258                memchr
 .text.memcpy   0x0000000008005274       0x1c c:/st/stm32cubeide_1.7.0/stm32cubeide/plugins/com.st.stm32cube.ide.mcu.externaltools.gnu-tools-for-stm32.9-2020-q2-update.win32_2.0.0.202105311346/tools/bin/../lib/gcc/arm-none-eabi/9.3.1/../../../../arm-none-eabi/lib/thumb/v7-m/nofp\libc_nano.a(lib_a-memcpy-stub.o)
                0x0000000008005274                memcpy
 .text.memmove  0x0000000008005290       0x34 c:/st/stm32cubeide_1.7.0/stm32cubeide/plugins/com.st.stm32cube.ide.mcu.externaltools.gnu-tools-for-stm32.9-2020-q2-update.win32_2.0.0.202105311346/tools/bin/../lib/gcc/arm-none-eabi/9.3.1/../../../../arm-none-eabi/lib/thumb/v7-m/nofp\libc_nano.a(lib_a-memmove.o)
                0x0000000008005290                memmove
 .text._free_r  0x00000000080052c4       0x98 c:/st/stm32cubeide_1.7.0/stm32cubeide/plugins/com.st.stm32cube.ide.mcu.externaltools.gnu-tools-for-stm32.9-2020-q2-update.win32_2.0.0.202105311346/tools/bin/../lib/gcc/arm-none-eabi/9.3.1/../../../../arm-none-eabi/lib/thumb/v7-m/nofp\libc_nano.a(lib_a-nano-freer.o)
                0x00000000080052c4                _free_r
 .text._malloc_r
                0x000000000800535c       0xb4 c:/st/stm32cubeide_1.7.0/stm32cubeide/plugins/com.st.stm32cube.ide.mcu.externaltools.gnu-tools-for-stm32.9-2020-q2-update.win32_2.0.0.202105311346/tools/bin/../lib/gcc/arm-none-eabi/9.3.1/../../../../arm-none-eabi/lib/thumb/v7-m/nofp\libc_nano.a(lib_a-nano-mallocr.o)
                0x000000000800535c                _malloc_r
 .text._realloc_r
                0x0000000008005410       0x4c c:/st/stm32cubeide_1.7.0/stm32cubeide/plugins/com.st.stm32cube.ide.mcu.externaltools.gnu-tools-for-stm32.9-2020-q2-update.win32_2.0.0.202105311346/tools/bin/../lib/gcc/arm-none-eabi/9.3.1/../../../../arm-none-eabi/lib/thumb/v7-m/nofp\libc_nano.a(lib_a-nano-reallocr.o)
                0x0000000008005410                _realloc_r
 .text._sbrk_r  0x000000000800545c       0x20 c:/st/stm32cubeide_1.7.0/stm32cubeide/plugins/com.st.stm32cube.ide.mcu.externaltools.gnu-tools-for-stm32.9-2020-q2-update.win32_2.0.0.202105311346/tools/bin/../lib/gcc/arm-none-eabi/9.3.1/../../../../arm-none-eabi/lib/thumb/v7-m/nofp\libc_nano.a(lib_a-sbrkr.o)
                0x000000000800545c                _sbrk_r
 .text.__malloc_lock
                0x000000000800547c        0xc c:/st/stm32cubeide_1.7.0/stm32cubeide/plugins/com.st.stm32cube.ide.mcu.externaltools.gnu-tools-for-stm32.9-2020-q2-update.win32_2.0.0.202105311346/tools/bin/../lib/gcc/arm-none-eabi/9.3.1/../../../../arm-none-eabi/lib/thumb/v7-m/nofp\libc_nano.a(lib_a-mlock.o)
                0x000000000800547c                __malloc_lock
 .text.__malloc_unlock
                0x0000000008005488        0xc c:/st/stm32cubeide_1.7.0/stm32cubeide/plugins/com.st.stm32cube.ide.mcu.externaltools.gnu-tools-for-stm32.9-2020-q2-update.win32_2.0.0.202105311346/tools/bin/../lib/gcc/arm-none-eabi/9.3.1/../../../../arm-none-eabi/lib/thumb/v7-m/nofp\libc_nano.a(lib_a-mlock.o)
                0x0000000008005488                __malloc_unlock
 .text._malloc_usable_size_r
                0x0000000008005494       0x10 c:/st/stm32cubeide_1.7.0/stm32cubeide/plugins/com.st.stm32cube.ide.mcu.externaltools.gnu-tools-for-stm32.9-2020-q2-update.win32_2.0.0.202105311346/tools/bin/../lib/gcc/arm-none-eabi/9.3.1/../../../../arm-none-eabi/lib/thumb/v7-m/nofp\libc_nano.a(lib_a-nano-msizer.o)
                0x0000000008005494                _malloc_usable_size_r
 .text.__retarget_lock_acquire_recursive
                0x00000000080054a4        0x2 c:/st/stm32cubeide_1.7.0/stm32cubeide/plugins/com.st.stm32cube.ide.mcu.externaltools.gnu-tools-for-stm32.9-2020-q2-update.win32_2.0.0.202105311346/tools/bin/../lib/gcc/arm-none-eabi/9.3.1/../../../../arm-none-eabi/lib/thumb/v7-m/nofp\libc_nano.a(lib_a-lock.o)
                0x00000000080054a4                __retarget_lock_acquire_recursive
 .text.__retarget_lock_release_recursive
                0x00000000080054a6        0x2 c:/st/stm32cubeide_1.7.0/stm32cubeide/plugins/com.st.stm32cube.ide.mcu.externaltools.gnu-tools-for-stm32.9-2020-q2-update.win32_2.0.0.202105311346/tools/bin/../lib/gcc/arm-none-eabi/9.3.1/../../../../arm-none-eabi/lib/thumb/v7-m/nofp\libc_nano.a(lib_a-lock.o)
                0x00000000080054a6                __retarget_lock_release_recursive
 *(.glue_7)
 .glue_7        0x00000000080054a8        0x0 linker stubs
 *(.glue_7t)
 .glue_7t       0x00000000080054a8        0x0 linker stubs
 *(.eh_frame)
 .eh_frame      0x00000000080054a8        0x0 c:/st/stm32cubeide_1.7.0/stm32cubeide/plugins/com.st.stm32cube.ide.mcu.externaltools.gnu-tools-for-stm32.9-2020-q2-update.win32_2.0.0.202105311346/tools/bin/../lib/gcc/arm-none-eabi/9.3.1/thumb/v7-m/nofp/crtbegin.o
 *(.init)
 .init          0x00000000080054a8        0x4 c:/st/stm32cubeide_1.7.0/stm32cubeide/plugins/com.st.stm32cube.ide.mcu.externaltools.gnu-tools-for-stm32.9-2020-q2-update.win32_2.0.0.202105311346/tools/bin/../lib/gcc/arm-none-eabi/9.3.1/thumb/v7-m/nofp/crti.o
                0x00000000080054a8                _init
 .init          0x00000000080054ac        0x8 c:/st/stm32cubeide_1.7.0/stm32cubeide/plugins/com.st.stm32cube.ide.mcu.externaltools.gnu-tools-for-stm32.9-2020-q2-update.win32_2.0.0.202105311346/tools/bin/../lib/gcc/arm-none-eabi/9.3.1/thumb/v7-m/nofp/crtn.o
 *(.fini)
 .fini          0x00000000080054b4        0x4 c:/st/stm32cubeide_1.7.0/stm32cubeide/plugins/com.st.stm32cube.ide.mcu.externaltools.gnu-tools-for-stm32.9-2020-q2-update.win32_2.0.0.202105311346/tools/bin/../lib/gcc/arm-none-eabi/9.3.1/thumb/v7-m/nofp/crti.o
                0x00000000080054b4                _fini
 .fini          0x00000000080054b8        0x8 c:/st/stm32cubeide_1.7.0/stm32cubeide/plugins/com.st.stm32cube.ide.mcu.externaltools.gnu-tools-for-stm32.9-2020-q2-update.win32_2.0.0.202105311346/tools/bin/../lib/gcc/arm-none-eabi/9.3.1/thumb/v7-m/nofp/crtn.o
                0x00000000080054c0                . = ALIGN (0x4)
                0x00000000080054c0                _etext = .

.vfp11_veneer   0x00000000080054c0        0x0
 .vfp11_veneer  0x00000000080054c0        0x0 linker stubs

.v4_bx          0x00000000080054c0        0x0
 .v4_bx         0x00000000080054c0        0x0 linker stubs

.iplt           0x00000000080054c0        0x0
 .iplt          0x00000000080054c0        0x0 c:/st/stm32cubeide_1.7.0/stm32cubeide/plugins/com.st.stm32cube.ide.mcu.externaltools.gnu-tools-for-stm32.9-2020-q2-update.win32_2.0.0.202105311346/tools/bin/../lib/gcc/arm-none-eabi/9.3.1/thumb/v7-m/nofp/crtbegin.o

.rodata         0x00000000080054c0      0x2c8
                0x00000000080054c0                . = ALIGN (0x4)
 *(.rodata)
 .rodata        0x00000000080054c0      0x146 ./App/app_main.o
 *fill*         0x0000000008005606        0x2 
 .rodata        0x0000000008005608       0xf5 ./Driver/Device/esp8266.o
 *fill*         0x00000000080056fd        0x3 
 .rodata        0x0000000008005700       0x25 ./MiddleWare/mid_rfid.o
 *(.rodata*)
 *fill*         0x0000000008005725        0x3 
 .rodata.AHBPrescTable
                0x0000000008005728       0x10 ./Core/Src/system_stm32f1xx.o
                0x0000000008005728                AHBPrescTable
 .rodata.APBPrescTable
                0x0000000008005738        0x8 ./Core/Src/system_stm32f1xx.o
                0x0000000008005738                APBPrescTable
 .rodata.aPLLMULFactorTable.6040
                0x0000000008005740       0x10 ./Drivers/STM32F1xx_HAL_Driver/Src/stm32f1xx_hal_rcc.o
 .rodata.aPredivFactorTable.6041
                0x0000000008005750        0x2 ./Drivers/STM32F1xx_HAL_Driver/Src/stm32f1xx_hal_rcc.o
 .rodata._svfprintf_r.str1.1
                0x0000000008005752       0x11 c:/st/stm32cubeide_1.7.0/stm32cubeide/plugins/com.st.stm32cube.ide.mcu.externaltools.gnu-tools-for-stm32.9-2020-q2-update.win32_2.0.0.202105311346/tools/bin/../lib/gcc/arm-none-eabi/9.3.1/../../../../arm-none-eabi/lib/thumb/v7-m/nofp\libc_nano.a(lib_a-nano-svfprintf.o)
 .rodata._printf_i.str1.1
                0x0000000008005763       0x22 c:/st/stm32cubeide_1.7.0/stm32cubeide/plugins/com.st.stm32cube.ide.mcu.externaltools.gnu-tools-for-stm32.9-2020-q2-update.win32_2.0.0.202105311346/tools/bin/../lib/gcc/arm-none-eabi/9.3.1/../../../../arm-none-eabi/lib/thumb/v7-m/nofp\libc_nano.a(lib_a-nano-vfprintf_i.o)
                0x0000000008005788                . = ALIGN (0x4)
 *fill*         0x0000000008005785        0x3 

.rel.dyn        0x0000000008005788        0x0
 .rel.iplt      0x0000000008005788        0x0 c:/st/stm32cubeide_1.7.0/stm32cubeide/plugins/com.st.stm32cube.ide.mcu.externaltools.gnu-tools-for-stm32.9-2020-q2-update.win32_2.0.0.202105311346/tools/bin/../lib/gcc/arm-none-eabi/9.3.1/thumb/v7-m/nofp/crtbegin.o

.ARM.extab      0x0000000008005788        0x0
                0x0000000008005788                . = ALIGN (0x4)
 *(.ARM.extab* .gnu.linkonce.armextab.*)
                0x0000000008005788                . = ALIGN (0x4)

.ARM            0x0000000008005788        0x0
                0x0000000008005788                . = ALIGN (0x4)
                0x0000000008005788                __exidx_start = .
 *(.ARM.exidx*)
                0x0000000008005788                __exidx_end = .
                0x0000000008005788                . = ALIGN (0x4)

.preinit_array  0x0000000008005788        0x0
                0x0000000008005788                . = ALIGN (0x4)
                0x0000000008005788                PROVIDE (__preinit_array_start = .)
 *(.preinit_array*)
                0x0000000008005788                PROVIDE (__preinit_array_end = .)
                0x0000000008005788                . = ALIGN (0x4)

.init_array     0x0000000008005788        0x4
                0x0000000008005788                . = ALIGN (0x4)
                0x0000000008005788                PROVIDE (__init_array_start = .)
 *(SORT_BY_NAME(.init_array.*))
 *(.init_array*)
 .init_array    0x0000000008005788        0x4 c:/st/stm32cubeide_1.7.0/stm32cubeide/plugins/com.st.stm32cube.ide.mcu.externaltools.gnu-tools-for-stm32.9-2020-q2-update.win32_2.0.0.202105311346/tools/bin/../lib/gcc/arm-none-eabi/9.3.1/thumb/v7-m/nofp/crtbegin.o
                0x000000000800578c                PROVIDE (__init_array_end = .)
                0x000000000800578c                . = ALIGN (0x4)

.fini_array     0x000000000800578c        0x4
                0x000000000800578c                . = ALIGN (0x4)
                [!provide]                        PROVIDE (__fini_array_start = .)
 *(SORT_BY_NAME(.fini_array.*))
 *(.fini_array*)
 .fini_array    0x000000000800578c        0x4 c:/st/stm32cubeide_1.7.0/stm32cubeide/plugins/com.st.stm32cube.ide.mcu.externaltools.gnu-tools-for-stm32.9-2020-q2-update.win32_2.0.0.202105311346/tools/bin/../lib/gcc/arm-none-eabi/9.3.1/thumb/v7-m/nofp/crtbegin.o
                [!provide]                        PROVIDE (__fini_array_end = .)
                0x0000000008005790                . = ALIGN (0x4)
                0x0000000008005790                _sidata = LOADADDR (.data)

.data           0x0000000020000000       0x70 load address 0x0000000008005790
                0x0000000020000000                . = ALIGN (0x4)
                0x0000000020000000                _sdata = .
 *(.data)
 *(.data*)
 .data.SystemCoreClock
                0x0000000020000000        0x4 ./Core/Src/system_stm32f1xx.o
                0x0000000020000000                SystemCoreClock
 .data.uwTickPrio
                0x0000000020000004        0x4 ./Drivers/STM32F1xx_HAL_Driver/Src/stm32f1xx_hal.o
                0x0000000020000004                uwTickPrio
 .data.uwTickFreq
                0x0000000020000008        0x1 ./Drivers/STM32F1xx_HAL_Driver/Src/stm32f1xx_hal.o
                0x0000000020000008                uwTickFreq
 *fill*         0x0000000020000009        0x3 
 .data._impure_ptr
                0x000000002000000c        0x4 c:/st/stm32cubeide_1.7.0/stm32cubeide/plugins/com.st.stm32cube.ide.mcu.externaltools.gnu-tools-for-stm32.9-2020-q2-update.win32_2.0.0.202105311346/tools/bin/../lib/gcc/arm-none-eabi/9.3.1/../../../../arm-none-eabi/lib/thumb/v7-m/nofp\libc_nano.a(lib_a-impure.o)
                0x000000002000000c                _impure_ptr
 .data.impure_data
                0x0000000020000010       0x60 c:/st/stm32cubeide_1.7.0/stm32cubeide/plugins/com.st.stm32cube.ide.mcu.externaltools.gnu-tools-for-stm32.9-2020-q2-update.win32_2.0.0.202105311346/tools/bin/../lib/gcc/arm-none-eabi/9.3.1/../../../../arm-none-eabi/lib/thumb/v7-m/nofp\libc_nano.a(lib_a-impure.o)
 *(.RamFunc)
 *(.RamFunc*)
                0x0000000020000070                . = ALIGN (0x4)
                0x0000000020000070                _edata = .

.igot.plt       0x0000000020000070        0x0 load address 0x0000000008005800
 .igot.plt      0x0000000020000070        0x0 c:/st/stm32cubeide_1.7.0/stm32cubeide/plugins/com.st.stm32cube.ide.mcu.externaltools.gnu-tools-for-stm32.9-2020-q2-update.win32_2.0.0.202105311346/tools/bin/../lib/gcc/arm-none-eabi/9.3.1/thumb/v7-m/nofp/crtbegin.o
                0x0000000020000070                . = ALIGN (0x4)

.bss            0x0000000020000070      0x150 load address 0x0000000008005800
                0x0000000020000070                _sbss = .
                0x0000000020000070                __bss_start__ = _sbss
 *(.bss)
 .bss           0x0000000020000070       0x1c c:/st/stm32cubeide_1.7.0/stm32cubeide/plugins/com.st.stm32cube.ide.mcu.externaltools.gnu-tools-for-stm32.9-2020-q2-update.win32_2.0.0.202105311346/tools/bin/../lib/gcc/arm-none-eabi/9.3.1/thumb/v7-m/nofp/crtbegin.o
 *(.bss*)
 .bss.currentMode
                0x000000002000008c        0x1 ./App/app_main.o
                0x000000002000008c                currentMode
 *fill*         0x000000002000008d        0x3 
 .bss.__sbrk_heap_end
                0x0000000020000090        0x4 ./Core/Src/sysmem.o
 .bss.__malloc_free_list
                0x0000000020000094        0x4 c:/st/stm32cubeide_1.7.0/stm32cubeide/plugins/com.st.stm32cube.ide.mcu.externaltools.gnu-tools-for-stm32.9-2020-q2-update.win32_2.0.0.202105311346/tools/bin/../lib/gcc/arm-none-eabi/9.3.1/../../../../arm-none-eabi/lib/thumb/v7-m/nofp\libc_nano.a(lib_a-nano-mallocr.o)
                0x0000000020000094                __malloc_free_list
 .bss.__malloc_sbrk_start
                0x0000000020000098        0x4 c:/st/stm32cubeide_1.7.0/stm32cubeide/plugins/com.st.stm32cube.ide.mcu.externaltools.gnu-tools-for-stm32.9-2020-q2-update.win32_2.0.0.202105311346/tools/bin/../lib/gcc/arm-none-eabi/9.3.1/../../../../arm-none-eabi/lib/thumb/v7-m/nofp\libc_nano.a(lib_a-nano-mallocr.o)
                0x0000000020000098                __malloc_sbrk_start
 *(COMMON)
 COMMON         0x000000002000009c       0x19 ./App/app_main.o
                0x000000002000009c                danh_sach_the
 *fill*         0x00000000200000b5        0x3 
 COMMON         0x00000000200000b8       0xf4 ./Core/Src/main.o
                0x00000000200000b8                hi2c1
                0x000000002000010c                hspi1
                0x0000000020000164                huart2
 COMMON         0x00000000200001ac        0x4 ./Drivers/STM32F1xx_HAL_Driver/Src/stm32f1xx_hal.o
                0x00000000200001ac                uwTick
 COMMON         0x00000000200001b0        0x4 c:/st/stm32cubeide_1.7.0/stm32cubeide/plugins/com.st.stm32cube.ide.mcu.externaltools.gnu-tools-for-stm32.9-2020-q2-update.win32_2.0.0.202105311346/tools/bin/../lib/gcc/arm-none-eabi/9.3.1/../../../../arm-none-eabi/lib/thumb/v7-m/nofp\libc_nano.a(lib_a-reent.o)
                0x00000000200001b0                errno
 COMMON         0x00000000200001b4        0x9 c:/st/stm32cubeide_1.7.0/stm32cubeide/plugins/com.st.stm32cube.ide.mcu.externaltools.gnu-tools-for-stm32.9-2020-q2-update.win32_2.0.0.202105311346/tools/bin/../lib/gcc/arm-none-eabi/9.3.1/../../../../arm-none-eabi/lib/thumb/v7-m/nofp\libc_nano.a(lib_a-lock.o)
                0x00000000200001b4                __lock___atexit_recursive_mutex
                0x00000000200001b5                __lock___arc4random_mutex
                0x00000000200001b6                __lock___env_recursive_mutex
                0x00000000200001b7                __lock___sinit_recursive_mutex
                0x00000000200001b8                __lock___malloc_recursive_mutex
                0x00000000200001b9                __lock___at_quick_exit_mutex
                0x00000000200001ba                __lock___dd_hash_mutex
                0x00000000200001bb                __lock___tz_mutex
                0x00000000200001bc                __lock___sfp_recursive_mutex
                0x00000000200001c0                . = ALIGN (0x4)
 *fill*         0x00000000200001bd        0x3 
                0x00000000200001c0                _ebss = .
                0x00000000200001c0                __bss_end__ = _ebss

._user_heap_stack
                0x00000000200001c0      0x600 load address 0x0000000008005800
                0x00000000200001c0                . = ALIGN (0x8)
                [!provide]                        PROVIDE (end = .)
                0x00000000200001c0                PROVIDE (_end = .)
                0x00000000200003c0                . = (. + _Min_Heap_Size)
 *fill*         0x00000000200001c0      0x200 
                0x00000000200007c0                . = (. + _Min_Stack_Size)
 *fill*         0x00000000200003c0      0x400 
                0x00000000200007c0                . = ALIGN (0x8)

/DISCARD/
 libc.a(*)
 libm.a(*)
 libgcc.a(*)

.ARM.attributes
                0x0000000000000000       0x29
 *(.ARM.attributes)
 .ARM.attributes
                0x0000000000000000       0x1d c:/st/stm32cubeide_1.7.0/stm32cubeide/plugins/com.st.stm32cube.ide.mcu.externaltools.gnu-tools-for-stm32.9-2020-q2-update.win32_2.0.0.202105311346/tools/bin/../lib/gcc/arm-none-eabi/9.3.1/thumb/v7-m/nofp/crti.o
 .ARM.attributes
                0x000000000000001d       0x2d c:/st/stm32cubeide_1.7.0/stm32cubeide/plugins/com.st.stm32cube.ide.mcu.externaltools.gnu-tools-for-stm32.9-2020-q2-update.win32_2.0.0.202105311346/tools/bin/../lib/gcc/arm-none-eabi/9.3.1/thumb/v7-m/nofp/crtbegin.o
 .ARM.attributes
                0x000000000000004a       0x2d ./App/app_main.o
 .ARM.attributes
                0x0000000000000077       0x2d ./BSP/bsp_button.o
 .ARM.attributes
                0x00000000000000a4       0x2d ./BSP/bsp_eeprom.o
 .ARM.attributes
                0x00000000000000d1       0x2d ./BSP/bsp_lcd.o
 .ARM.attributes
                0x00000000000000fe       0x2d ./BSP/bsp_led.o
 .ARM.attributes
                0x000000000000012b       0x2d ./BSP/bsp_rfid.o
 .ARM.attributes
                0x0000000000000158       0x2d ./BSP/bsp_wifi.o
 .ARM.attributes
                0x0000000000000185       0x2d ./Core/Src/main.o
 .ARM.attributes
                0x00000000000001b2       0x2d ./Core/Src/stm32f1xx_hal_msp.o
 .ARM.attributes
                0x00000000000001df       0x2d ./Core/Src/stm32f1xx_it.o
 .ARM.attributes
                0x000000000000020c       0x2d ./Core/Src/sysmem.o
 .ARM.attributes
                0x0000000000000239       0x2d ./Core/Src/system_stm32f1xx.o
 .ARM.attributes
                0x0000000000000266       0x21 ./Core/Startup/startup_stm32f103c8tx.o
 .ARM.attributes
                0x0000000000000287       0x2d ./Driver/Component/gpio.o
 .ARM.attributes
                0x00000000000002b4       0x2d ./Driver/Component/i2c.o
 .ARM.attributes
                0x00000000000002e1       0x2d ./Driver/Component/spi.o
 .ARM.attributes
                0x000000000000030e       0x2d ./Driver/Device/eeprom.o
 .ARM.attributes
                0x000000000000033b       0x2d ./Driver/Device/esp8266.o
 .ARM.attributes
                0x0000000000000368       0x2d ./Driver/Device/lcd.o
 .ARM.attributes
                0x0000000000000395       0x2d ./Driver/Device/rfid.o
 .ARM.attributes
                0x00000000000003c2       0x2d ./Drivers/STM32F1xx_HAL_Driver/Src/stm32f1xx_hal.o
 .ARM.attributes
                0x00000000000003ef       0x2d ./Drivers/STM32F1xx_HAL_Driver/Src/stm32f1xx_hal_cortex.o
 .ARM.attributes
                0x000000000000041c       0x2d ./Drivers/STM32F1xx_HAL_Driver/Src/stm32f1xx_hal_dma.o
 .ARM.attributes
                0x0000000000000449       0x2d ./Drivers/STM32F1xx_HAL_Driver/Src/stm32f1xx_hal_gpio.o
 .ARM.attributes
                0x0000000000000476       0x2d ./Drivers/STM32F1xx_HAL_Driver/Src/stm32f1xx_hal_i2c.o
 .ARM.attributes
                0x00000000000004a3       0x2d ./Drivers/STM32F1xx_HAL_Driver/Src/stm32f1xx_hal_rcc.o
 .ARM.attributes
                0x00000000000004d0       0x2d ./Drivers/STM32F1xx_HAL_Driver/Src/stm32f1xx_hal_spi.o
 .ARM.attributes
                0x00000000000004fd       0x2d ./Drivers/STM32F1xx_HAL_Driver/Src/stm32f1xx_hal_uart.o
 .ARM.attributes
                0x000000000000052a       0x2d ./MiddleWare/mid_rfid.o
 .ARM.attributes
                0x0000000000000557       0x2d c:/st/stm32cubeide_1.7.0/stm32cubeide/plugins/com.st.stm32cube.ide.mcu.externaltools.gnu-tools-for-stm32.9-2020-q2-update.win32_2.0.0.202105311346/tools/bin/../lib/gcc/arm-none-eabi/9.3.1/../../../../arm-none-eabi/lib/thumb/v7-m/nofp\libc_nano.a(lib_a-errno.o)
 .ARM.attributes
                0x0000000000000584       0x2d c:/st/stm32cubeide_1.7.0/stm32cubeide/plugins/com.st.stm32cube.ide.mcu.externaltools.gnu-tools-for-stm32.9-2020-q2-update.win32_2.0.0.202105311346/tools/bin/../lib/gcc/arm-none-eabi/9.3.1/../../../../arm-none-eabi/lib/thumb/v7-m/nofp\libc_nano.a(lib_a-impure.o)
 .ARM.attributes
                0x00000000000005b1       0x2d c:/st/stm32cubeide_1.7.0/stm32cubeide/plugins/com.st.stm32cube.ide.mcu.externaltools.gnu-tools-for-stm32.9-2020-q2-update.win32_2.0.0.202105311346/tools/bin/../lib/gcc/arm-none-eabi/9.3.1/../../../../arm-none-eabi/lib/thumb/v7-m/nofp\libc_nano.a(lib_a-init.o)
 .ARM.attributes
                0x00000000000005de       0x2d c:/st/stm32cubeide_1.7.0/stm32cubeide/plugins/com.st.stm32cube.ide.mcu.externaltools.gnu-tools-for-stm32.9-2020-q2-update.win32_2.0.0.202105311346/tools/bin/../lib/gcc/arm-none-eabi/9.3.1/../../../../arm-none-eabi/lib/thumb/v7-m/nofp\libc_nano.a(lib_a-memset.o)
 .ARM.attributes
                0x000000000000060b       0x2d c:/st/stm32cubeide_1.7.0/stm32cubeide/plugins/com.st.stm32cube.ide.mcu.externaltools.gnu-tools-for-stm32.9-2020-q2-update.win32_2.0.0.202105311346/tools/bin/../lib/gcc/arm-none-eabi/9.3.1/../../../../arm-none-eabi/lib/thumb/v7-m/nofp\libc_nano.a(lib_a-sprintf.o)
 .ARM.attributes
                0x0000000000000638       0x17 c:/st/stm32cubeide_1.7.0/stm32cubeide/plugins/com.st.stm32cube.ide.mcu.externaltools.gnu-tools-for-stm32.9-2020-q2-update.win32_2.0.0.202105311346/tools/bin/../lib/gcc/arm-none-eabi/9.3.1/../../../../arm-none-eabi/lib/thumb/v7-m/nofp\libc_nano.a(lib_a-strlen.o)
 .ARM.attributes
                0x000000000000064f       0x2d c:/st/stm32cubeide_1.7.0/stm32cubeide/plugins/com.st.stm32cube.ide.mcu.externaltools.gnu-tools-for-stm32.9-2020-q2-update.win32_2.0.0.202105311346/tools/bin/../lib/gcc/arm-none-eabi/9.3.1/../../../../arm-none-eabi/lib/thumb/v7-m/nofp\libc_nano.a(lib_a-strstr.o)
 .ARM.attributes
                0x000000000000067c       0x2d c:/st/stm32cubeide_1.7.0/stm32cubeide/plugins/com.st.stm32cube.ide.mcu.externaltools.gnu-tools-for-stm32.9-2020-q2-update.win32_2.0.0.202105311346/tools/bin/../lib/gcc/arm-none-eabi/9.3.1/../../../../arm-none-eabi/lib/thumb/v7-m/nofp\libc_nano.a(lib_a-nano-svfprintf.o)
 .ARM.attributes
                0x00000000000006a9       0x2d c:/st/stm32cubeide_1.7.0/stm32cubeide/plugins/com.st.stm32cube.ide.mcu.externaltools.gnu-tools-for-stm32.9-2020-q2-update.win32_2.0.0.202105311346/tools/bin/../lib/gcc/arm-none-eabi/9.3.1/../../../../arm-none-eabi/lib/thumb/v7-m/nofp\libc_nano.a(lib_a-nano-vfprintf_i.o)
 .ARM.attributes
                0x00000000000006d6       0x2d c:/st/stm32cubeide_1.7.0/stm32cubeide/plugins/com.st.stm32cube.ide.mcu.externaltools.gnu-tools-for-stm32.9-2020-q2-update.win32_2.0.0.202105311346/tools/bin/../lib/gcc/arm-none-eabi/9.3.1/../../../../arm-none-eabi/lib/thumb/v7-m/nofp\libc_nano.a(lib_a-memchr-stub.o)
 .ARM.attributes
                0x0000000000000703       0x2d c:/st/stm32cubeide_1.7.0/stm32cubeide/plugins/com.st.stm32cube.ide.mcu.externaltools.gnu-tools-for-stm32.9-2020-q2-update.win32_2.0.0.202105311346/tools/bin/../lib/gcc/arm-none-eabi/9.3.1/../../../../arm-none-eabi/lib/thumb/v7-m/nofp\libc_nano.a(lib_a-memcpy-stub.o)
 .ARM.attributes
                0x0000000000000730       0x2d c:/st/stm32cubeide_1.7.0/stm32cubeide/plugins/com.st.stm32cube.ide.mcu.externaltools.gnu-tools-for-stm32.9-2020-q2-update.win32_2.0.0.202105311346/tools/bin/../lib/gcc/arm-none-eabi/9.3.1/../../../../arm-none-eabi/lib/thumb/v7-m/nofp\libc_nano.a(lib_a-memmove.o)
 .ARM.attributes
                0x000000000000075d       0x2d c:/st/stm32cubeide_1.7.0/stm32cubeide/plugins/com.st.stm32cube.ide.mcu.externaltools.gnu-tools-for-stm32.9-2020-q2-update.win32_2.0.0.202105311346/tools/bin/../lib/gcc/arm-none-eabi/9.3.1/../../../../arm-none-eabi/lib/thumb/v7-m/nofp\libc_nano.a(lib_a-nano-freer.o)
 .ARM.attributes
                0x000000000000078a       0x2d c:/st/stm32cubeide_1.7.0/stm32cubeide/plugins/com.st.stm32cube.ide.mcu.externaltools.gnu-tools-for-stm32.9-2020-q2-update.win32_2.0.0.202105311346/tools/bin/../lib/gcc/arm-none-eabi/9.3.1/../../../../arm-none-eabi/lib/thumb/v7-m/nofp\libc_nano.a(lib_a-nano-mallocr.o)
 .ARM.attributes
                0x00000000000007b7       0x2d c:/st/stm32cubeide_1.7.0/stm32cubeide/plugins/com.st.stm32cube.ide.mcu.externaltools.gnu-tools-for-stm32.9-2020-q2-update.win32_2.0.0.202105311346/tools/bin/../lib/gcc/arm-none-eabi/9.3.1/../../../../arm-none-eabi/lib/thumb/v7-m/nofp\libc_nano.a(lib_a-nano-reallocr.o)
 .ARM.attributes
                0x00000000000007e4       0x2d c:/st/stm32cubeide_1.7.0/stm32cubeide/plugins/com.st.stm32cube.ide.mcu.externaltools.gnu-tools-for-stm32.9-2020-q2-update.win32_2.0.0.202105311346/tools/bin/../lib/gcc/arm-none-eabi/9.3.1/../../../../arm-none-eabi/lib/thumb/v7-m/nofp\libc_nano.a(lib_a-sbrkr.o)
 .ARM.attributes
                0x0000000000000811       0x2d c:/st/stm32cubeide_1.7.0/stm32cubeide/plugins/com.st.stm32cube.ide.mcu.externaltools.gnu-tools-for-stm32.9-2020-q2-update.win32_2.0.0.202105311346/tools/bin/../lib/gcc/arm-none-eabi/9.3.1/../../../../arm-none-eabi/lib/thumb/v7-m/nofp\libc_nano.a(lib_a-mlock.o)
 .ARM.attributes
                0x000000000000083e       0x2d c:/st/stm32cubeide_1.7.0/stm32cubeide/plugins/com.st.stm32cube.ide.mcu.externaltools.gnu-tools-for-stm32.9-2020-q2-update.win32_2.0.0.202105311346/tools/bin/../lib/gcc/arm-none-eabi/9.3.1/../../../../arm-none-eabi/lib/thumb/v7-m/nofp\libc_nano.a(lib_a-nano-msizer.o)
 .ARM.attributes
                0x000000000000086b       0x2d c:/st/stm32cubeide_1.7.0/stm32cubeide/plugins/com.st.stm32cube.ide.mcu.externaltools.gnu-tools-for-stm32.9-2020-q2-update.win32_2.0.0.202105311346/tools/bin/../lib/gcc/arm-none-eabi/9.3.1/../../../../arm-none-eabi/lib/thumb/v7-m/nofp\libc_nano.a(lib_a-reent.o)
 .ARM.attributes
                0x0000000000000898       0x2d c:/st/stm32cubeide_1.7.0/stm32cubeide/plugins/com.st.stm32cube.ide.mcu.externaltools.gnu-tools-for-stm32.9-2020-q2-update.win32_2.0.0.202105311346/tools/bin/../lib/gcc/arm-none-eabi/9.3.1/../../../../arm-none-eabi/lib/thumb/v7-m/nofp\libc_nano.a(lib_a-lock.o)
 .ARM.attributes
                0x00000000000008c5       0x1d c:/st/stm32cubeide_1.7.0/stm32cubeide/plugins/com.st.stm32cube.ide.mcu.externaltools.gnu-tools-for-stm32.9-2020-q2-update.win32_2.0.0.202105311346/tools/bin/../lib/gcc/arm-none-eabi/9.3.1/thumb/v7-m/nofp/crtn.o
OUTPUT(BluePill_Attendance.elf elf32-littlearm)
LOAD linker stubs
LOAD c:/st/stm32cubeide_1.7.0/stm32cubeide/plugins/com.st.stm32cube.ide.mcu.externaltools.gnu-tools-for-stm32.9-2020-q2-update.win32_2.0.0.202105311346/tools/bin/../lib/gcc/arm-none-eabi/9.3.1/../../../../arm-none-eabi/lib/thumb/v7-m/nofp\libc.a
LOAD c:/st/stm32cubeide_1.7.0/stm32cubeide/plugins/com.st.stm32cube.ide.mcu.externaltools.gnu-tools-for-stm32.9-2020-q2-update.win32_2.0.0.202105311346/tools/bin/../lib/gcc/arm-none-eabi/9.3.1/../../../../arm-none-eabi/lib/thumb/v7-m/nofp\libm.a
LOAD c:/st/stm32cubeide_1.7.0/stm32cubeide/plugins/com.st.stm32cube.ide.mcu.externaltools.gnu-tools-for-stm32.9-2020-q2-update.win32_2.0.0.202105311346/tools/bin/../lib/gcc/arm-none-eabi/9.3.1/thumb/v7-m/nofp\libgcc.a

.debug_info     0x0000000000000000    0x11d65
 .debug_info    0x0000000000000000      0xc28 ./App/app_main.o
 .debug_info    0x0000000000000c28      0x284 ./BSP/bsp_button.o
 .debug_info    0x0000000000000eac      0x222 ./BSP/bsp_eeprom.o
 .debug_info    0x00000000000010ce      0x1f5 ./BSP/bsp_lcd.o
 .debug_info    0x00000000000012c3      0x2d8 ./BSP/bsp_led.o
 .debug_info    0x000000000000159b      0x1c2 ./BSP/bsp_rfid.o
 .debug_info    0x000000000000175d      0x1d4 ./BSP/bsp_wifi.o
 .debug_info    0x0000000000001931      0xf86 ./Core/Src/main.o
 .debug_info    0x00000000000028b7     0x1092 ./Core/Src/stm32f1xx_hal_msp.o
 .debug_info    0x0000000000003949      0x6e9 ./Core/Src/stm32f1xx_it.o
 .debug_info    0x0000000000004032      0xa25 ./Core/Src/sysmem.o
 .debug_info    0x0000000000004a57      0x2be ./Core/Src/system_stm32f1xx.o
 .debug_info    0x0000000000004d15       0x22 ./Core/Startup/startup_stm32f103c8tx.o
 .debug_info    0x0000000000004d37      0x2e1 ./Driver/Component/gpio.o
 .debug_info    0x0000000000005018      0x72c ./Driver/Component/i2c.o
 .debug_info    0x0000000000005744      0x694 ./Driver/Component/spi.o
 .debug_info    0x0000000000005dd8      0x25f ./Driver/Device/eeprom.o
 .debug_info    0x0000000000006037      0xffd ./Driver/Device/esp8266.o
 .debug_info    0x0000000000007034      0x316 ./Driver/Device/lcd.o
 .debug_info    0x000000000000734a      0x50b ./Driver/Device/rfid.o
 .debug_info    0x0000000000007855      0x76a ./Drivers/STM32F1xx_HAL_Driver/Src/stm32f1xx_hal.o
 .debug_info    0x0000000000007fbf      0xbdc ./Drivers/STM32F1xx_HAL_Driver/Src/stm32f1xx_hal_cortex.o
 .debug_info    0x0000000000008b9b      0x823 ./Drivers/STM32F1xx_HAL_Driver/Src/stm32f1xx_hal_dma.o
 .debug_info    0x00000000000093be      0x701 ./Drivers/STM32F1xx_HAL_Driver/Src/stm32f1xx_hal_gpio.o
 .debug_info    0x0000000000009abf     0x27cb ./Drivers/STM32F1xx_HAL_Driver/Src/stm32f1xx_hal_i2c.o
 .debug_info    0x000000000000c28a      0x893 ./Drivers/STM32F1xx_HAL_Driver/Src/stm32f1xx_hal_rcc.o
 .debug_info    0x000000000000cb1d     0x15d0 ./Drivers/STM32F1xx_HAL_Driver/Src/stm32f1xx_hal_spi.o
 .debug_info    0x000000000000e0ed     0x312f ./Drivers/STM32F1xx_HAL_Driver/Src/stm32f1xx_hal_uart.o
 .debug_info    0x000000000001121c      0xb49 ./MiddleWare/mid_rfid.o

.debug_abbrev   0x0000000000000000     0x31de
 .debug_abbrev  0x0000000000000000      0x21c ./App/app_main.o
 .debug_abbrev  0x000000000000021c      0x138 ./BSP/bsp_button.o
 .debug_abbrev  0x0000000000000354       0xff ./BSP/bsp_eeprom.o
 .debug_abbrev  0x0000000000000453       0xee ./BSP/bsp_lcd.o
 .debug_abbrev  0x0000000000000541      0x159 ./BSP/bsp_led.o
 .debug_abbrev  0x000000000000069a       0xf0 ./BSP/bsp_rfid.o
 .debug_abbrev  0x000000000000078a      0x10a ./BSP/bsp_wifi.o
 .debug_abbrev  0x0000000000000894      0x231 ./Core/Src/main.o
 .debug_abbrev  0x0000000000000ac5      0x1e2 ./Core/Src/stm32f1xx_hal_msp.o
 .debug_abbrev  0x0000000000000ca7      0x163 ./Core/Src/stm32f1xx_it.o
 .debug_abbrev  0x0000000000000e0a      0x1bf ./Core/Src/sysmem.o
 .debug_abbrev  0x0000000000000fc9      0x14e ./Core/Src/system_stm32f1xx.o
 .debug_abbrev  0x0000000000001117       0x12 ./Core/Startup/startup_stm32f103c8tx.o
 .debug_abbrev  0x0000000000001129      0x15d ./Driver/Component/gpio.o
 .debug_abbrev  0x0000000000001286      0x176 ./Driver/Component/i2c.o
 .debug_abbrev  0x00000000000013fc      0x17e ./Driver/Component/spi.o
 .debug_abbrev  0x000000000000157a      0x12a ./Driver/Device/eeprom.o
 .debug_abbrev  0x00000000000016a4      0x244 ./Driver/Device/esp8266.o
 .debug_abbrev  0x00000000000018e8      0x19a ./Driver/Device/lcd.o
 .debug_abbrev  0x0000000000001a82      0x1c9 ./Driver/Device/rfid.o
 .debug_abbrev  0x0000000000001c4b      0x1ed ./Drivers/STM32F1xx_HAL_Driver/Src/stm32f1xx_hal.o
 .debug_abbrev  0x0000000000001e38      0x313 ./Drivers/STM32F1xx_HAL_Driver/Src/stm32f1xx_hal_cortex.o
 .debug_abbrev  0x000000000000214b      0x228 ./Drivers/STM32F1xx_HAL_Driver/Src/stm32f1xx_hal_dma.o
 .debug_abbrev  0x0000000000002373      0x1e8 ./Drivers/STM32F1xx_HAL_Driver/Src/stm32f1xx_hal_gpio.o
 .debug_abbrev  0x000000000000255b      0x288 ./Drivers/STM32F1xx_HAL_Driver/Src/stm32f1xx_hal_i2c.o
 .debug_abbrev  0x00000000000027e3      0x273 ./Drivers/STM32F1xx_HAL_Driver/Src/stm32f1xx_hal_rcc.o
 .debug_abbrev  0x0000000000002a56      0x25f ./Drivers/STM32F1xx_HAL_Driver/Src/stm32f1xx_hal_spi.o
 .debug_abbrev  0x0000000000002cb5      0x2eb ./Drivers/STM32F1xx_HAL_Driver/Src/stm32f1xx_hal_uart.o
 .debug_abbrev  0x0000000000002fa0      0x23e ./MiddleWare/mid_rfid.o

.debug_aranges  0x0000000000000000      0xe70
 .debug_aranges
                0x0000000000000000       0x30 ./App/app_main.o
 .debug_aranges
                0x0000000000000030       0x28 ./BSP/bsp_button.o
 .debug_aranges
                0x0000000000000058       0x28 ./BSP/bsp_eeprom.o
 .debug_aranges
                0x0000000000000080       0x30 ./BSP/bsp_lcd.o
 .debug_aranges
                0x00000000000000b0       0x48 ./BSP/bsp_led.o
 .debug_aranges
                0x00000000000000f8       0x28 ./BSP/bsp_rfid.o
 .debug_aranges
                0x0000000000000120       0x30 ./BSP/bsp_wifi.o
 .debug_aranges
                0x0000000000000150       0x50 ./Core/Src/main.o
 .debug_aranges
                0x00000000000001a0       0x50 ./Core/Src/stm32f1xx_hal_msp.o
 .debug_aranges
                0x00000000000001f0       0x68 ./Core/Src/stm32f1xx_it.o
 .debug_aranges
                0x0000000000000258       0x20 ./Core/Src/sysmem.o
 .debug_aranges
                0x0000000000000278       0x28 ./Core/Src/system_stm32f1xx.o
 .debug_aranges
                0x00000000000002a0       0x28 ./Core/Startup/startup_stm32f103c8tx.o
 .debug_aranges
                0x00000000000002c8       0x30 ./Driver/Component/gpio.o
 .debug_aranges
                0x00000000000002f8       0x28 ./Driver/Component/i2c.o
 .debug_aranges
                0x0000000000000320       0x20 ./Driver/Component/spi.o
 .debug_aranges
                0x0000000000000340       0x30 ./Driver/Device/eeprom.o
 .debug_aranges
                0x0000000000000370       0x38 ./Driver/Device/esp8266.o
 .debug_aranges
                0x00000000000003a8       0x50 ./Driver/Device/lcd.o
 .debug_aranges
                0x00000000000003f8       0x70 ./Driver/Device/rfid.o
 .debug_aranges
                0x0000000000000468       0xe0 ./Drivers/STM32F1xx_HAL_Driver/Src/stm32f1xx_hal.o
 .debug_aranges
                0x0000000000000548      0x100 ./Drivers/STM32F1xx_HAL_Driver/Src/stm32f1xx_hal_cortex.o
 .debug_aranges
                0x0000000000000648       0x80 ./Drivers/STM32F1xx_HAL_Driver/Src/stm32f1xx_hal_dma.o
 .debug_aranges
                0x00000000000006c8       0x58 ./Drivers/STM32F1xx_HAL_Driver/Src/stm32f1xx_hal_gpio.o
 .debug_aranges
                0x0000000000000720      0x2a8 ./Drivers/STM32F1xx_HAL_Driver/Src/stm32f1xx_hal_i2c.o
 .debug_aranges
                0x00000000000009c8       0x90 ./Drivers/STM32F1xx_HAL_Driver/Src/stm32f1xx_hal_rcc.o
 .debug_aranges
                0x0000000000000a58      0x1d0 ./Drivers/STM32F1xx_HAL_Driver/Src/stm32f1xx_hal_spi.o
 .debug_aranges
                0x0000000000000c28      0x208 ./Drivers/STM32F1xx_HAL_Driver/Src/stm32f1xx_hal_uart.o
 .debug_aranges
                0x0000000000000e30       0x40 ./MiddleWare/mid_rfid.o

.debug_ranges   0x0000000000000000      0xcf0
 .debug_ranges  0x0000000000000000       0x20 ./App/app_main.o
 .debug_ranges  0x0000000000000020       0x18 ./BSP/bsp_button.o
 .debug_ranges  0x0000000000000038       0x18 ./BSP/bsp_eeprom.o
 .debug_ranges  0x0000000000000050       0x20 ./BSP/bsp_lcd.o
 .debug_ranges  0x0000000000000070       0x38 ./BSP/bsp_led.o
 .debug_ranges  0x00000000000000a8       0x18 ./BSP/bsp_rfid.o
 .debug_ranges  0x00000000000000c0       0x20 ./BSP/bsp_wifi.o
 .debug_ranges  0x00000000000000e0       0x40 ./Core/Src/main.o
 .debug_ranges  0x0000000000000120       0x40 ./Core/Src/stm32f1xx_hal_msp.o
 .debug_ranges  0x0000000000000160       0x58 ./Core/Src/stm32f1xx_it.o
 .debug_ranges  0x00000000000001b8       0x10 ./Core/Src/sysmem.o
 .debug_ranges  0x00000000000001c8       0x18 ./Core/Src/system_stm32f1xx.o
 .debug_ranges  0x00000000000001e0       0x20 ./Core/Startup/startup_stm32f103c8tx.o
 .debug_ranges  0x0000000000000200       0x20 ./Driver/Component/gpio.o
 .debug_ranges  0x0000000000000220       0x18 ./Driver/Component/i2c.o
 .debug_ranges  0x0000000000000238       0x10 ./Driver/Component/spi.o
 .debug_ranges  0x0000000000000248       0x20 ./Driver/Device/eeprom.o
 .debug_ranges  0x0000000000000268       0x28 ./Driver/Device/esp8266.o
 .debug_ranges  0x0000000000000290       0x40 ./Driver/Device/lcd.o
 .debug_ranges  0x00000000000002d0       0x60 ./Driver/Device/rfid.o
 .debug_ranges  0x0000000000000330       0xd0 ./Drivers/STM32F1xx_HAL_Driver/Src/stm32f1xx_hal.o
 .debug_ranges  0x0000000000000400       0xf0 ./Drivers/STM32F1xx_HAL_Driver/Src/stm32f1xx_hal_cortex.o
 .debug_ranges  0x00000000000004f0       0x70 ./Drivers/STM32F1xx_HAL_Driver/Src/stm32f1xx_hal_dma.o
 .debug_ranges  0x0000000000000560       0x48 ./Drivers/STM32F1xx_HAL_Driver/Src/stm32f1xx_hal_gpio.o
 .debug_ranges  0x00000000000005a8      0x2b0 ./Drivers/STM32F1xx_HAL_Driver/Src/stm32f1xx_hal_i2c.o
 .debug_ranges  0x0000000000000858       0x80 ./Drivers/STM32F1xx_HAL_Driver/Src/stm32f1xx_hal_rcc.o
 .debug_ranges  0x00000000000008d8      0x1c0 ./Drivers/STM32F1xx_HAL_Driver/Src/stm32f1xx_hal_spi.o
 .debug_ranges  0x0000000000000a98      0x228 ./Drivers/STM32F1xx_HAL_Driver/Src/stm32f1xx_hal_uart.o
 .debug_ranges  0x0000000000000cc0       0x30 ./MiddleWare/mid_rfid.o

.debug_macro    0x0000000000000000    0x19ac8
 .debug_macro   0x0000000000000000      0x382 ./App/app_main.o
 .debug_macro   0x0000000000000382      0xa9c ./App/app_main.o
 .debug_macro   0x0000000000000e1e      0x221 ./App/app_main.o
 .debug_macro   0x000000000000103f       0x2e ./App/app_main.o
 .debug_macro   0x000000000000106d       0x22 ./App/app_main.o
 .debug_macro   0x000000000000108f       0x22 ./App/app_main.o
 .debug_macro   0x00000000000010b1       0x8e ./App/app_main.o
 .debug_macro   0x000000000000113f       0x51 ./App/app_main.o
 .debug_macro   0x0000000000001190      0x103 ./App/app_main.o
 .debug_macro   0x0000000000001293       0x6a ./App/app_main.o
 .debug_macro   0x00000000000012fd      0x1df ./App/app_main.o
 .debug_macro   0x00000000000014dc       0x1c ./App/app_main.o
 .debug_macro   0x00000000000014f8       0x22 ./App/app_main.o
 .debug_macro   0x000000000000151a       0xc3 ./App/app_main.o
 .debug_macro   0x00000000000015dd      0xd23 ./App/app_main.o
 .debug_macro   0x0000000000002300     0xe09e ./App/app_main.o
 .debug_macro   0x000000000001039e       0x6d ./App/app_main.o
 .debug_macro   0x000000000001040b     0x34a2 ./App/app_main.o
 .debug_macro   0x00000000000138ad      0x174 ./App/app_main.o
 .debug_macro   0x0000000000013a21       0x5c ./App/app_main.o
 .debug_macro   0x0000000000013a7d      0x5bc ./App/app_main.o
 .debug_macro   0x0000000000014039      0x289 ./App/app_main.o
 .debug_macro   0x00000000000142c2      0x1cb ./App/app_main.o
 .debug_macro   0x000000000001448d      0x114 ./App/app_main.o
 .debug_macro   0x00000000000145a1      0x1b2 ./App/app_main.o
 .debug_macro   0x0000000000014753       0x27 ./App/app_main.o
 .debug_macro   0x000000000001477a      0x136 ./App/app_main.o
 .debug_macro   0x00000000000148b0      0x1bc ./App/app_main.o
 .debug_macro   0x0000000000014a6c       0x34 ./App/app_main.o
 .debug_macro   0x0000000000014aa0       0x3c ./App/app_main.o
 .debug_macro   0x0000000000014adc       0x57 ./App/app_main.o
 .debug_macro   0x0000000000014b33       0x87 ./App/app_main.o
 .debug_macro   0x0000000000014bba      0x240 ./App/app_main.o
 .debug_macro   0x0000000000014dfa      0x287 ./App/app_main.o
 .debug_macro   0x0000000000015081      0x140 ./App/app_main.o
 .debug_macro   0x00000000000151c1      0x217 ./App/app_main.o
 .debug_macro   0x00000000000153d8      0x28e ./App/app_main.o
 .debug_macro   0x0000000000015666       0x83 ./App/app_main.o
 .debug_macro   0x00000000000156e9       0x88 ./App/app_main.o
 .debug_macro   0x0000000000015771       0x16 ./App/app_main.o
 .debug_macro   0x0000000000015787       0x22 ./App/app_main.o
 .debug_macro   0x00000000000157a9       0x52 ./App/app_main.o
 .debug_macro   0x00000000000157fb       0x18 ./App/app_main.o
 .debug_macro   0x0000000000015813       0x3c ./App/app_main.o
 .debug_macro   0x000000000001584f       0x34 ./App/app_main.o
 .debug_macro   0x0000000000015883       0x16 ./App/app_main.o
 .debug_macro   0x0000000000015899       0x35 ./App/app_main.o
 .debug_macro   0x00000000000158ce      0x333 ./App/app_main.o
 .debug_macro   0x0000000000015c01       0x10 ./App/app_main.o
 .debug_macro   0x0000000000015c11       0x16 ./App/app_main.o
 .debug_macro   0x0000000000015c27       0x43 ./App/app_main.o
 .debug_macro   0x0000000000015c6a       0x34 ./App/app_main.o
 .debug_macro   0x0000000000015c9e       0x10 ./App/app_main.o
 .debug_macro   0x0000000000015cae       0x58 ./App/app_main.o
 .debug_macro   0x0000000000015d06       0x71 ./App/app_main.o
 .debug_macro   0x0000000000015d77       0x1c ./App/app_main.o
 .debug_macro   0x0000000000015d93      0x12a ./App/app_main.o
 .debug_macro   0x0000000000015ebd       0x10 ./App/app_main.o
 .debug_macro   0x0000000000015ecd       0x1c ./App/app_main.o
 .debug_macro   0x0000000000015ee9       0x52 ./App/app_main.o
 .debug_macro   0x0000000000015f3b       0x22 ./App/app_main.o
 .debug_macro   0x0000000000015f5d       0x10 ./App/app_main.o
 .debug_macro   0x0000000000015f6d       0x40 ./App/app_main.o
 .debug_macro   0x0000000000015fad       0xd5 ./App/app_main.o
 .debug_macro   0x0000000000016082       0x1c ./App/app_main.o
 .debug_macro   0x000000000001609e       0x3d ./App/app_main.o
 .debug_macro   0x00000000000160db       0x16 ./App/app_main.o
 .debug_macro   0x00000000000160f1      0x145 ./App/app_main.o
 .debug_macro   0x0000000000016236      0x1c0 ./BSP/bsp_button.o
 .debug_macro   0x00000000000163f6       0x1c ./BSP/bsp_button.o
 .debug_macro   0x0000000000016412      0x1c5 ./BSP/bsp_eeprom.o
 .debug_macro   0x00000000000165d7      0x1c5 ./BSP/bsp_lcd.o
 .debug_macro   0x000000000001679c      0x1c0 ./BSP/bsp_led.o
 .debug_macro   0x000000000001695c       0x10 ./BSP/bsp_led.o
 .debug_macro   0x000000000001696c      0x1ce ./BSP/bsp_rfid.o
 .debug_macro   0x0000000000016b3a       0x1c ./BSP/bsp_rfid.o
 .debug_macro   0x0000000000016b56      0x1cf ./BSP/bsp_wifi.o
 .debug_macro   0x0000000000016d25      0x1bb ./Core/Src/main.o
 .debug_macro   0x0000000000016ee0      0x1b1 ./Core/Src/stm32f1xx_hal_msp.o
 .debug_macro   0x0000000000017091      0x1bb ./Core/Src/stm32f1xx_it.o
 .debug_macro   0x000000000001724c       0xff ./Core/Src/sysmem.o
 .debug_macro   0x000000000001734b      0x23b ./Core/Src/sysmem.o
 .debug_macro   0x0000000000017586      0x1a2 ./Core/Src/system_stm32f1xx.o
 .debug_macro   0x0000000000017728      0x1bb ./Driver/Component/gpio.o
 .debug_macro   0x00000000000178e3      0x1bb ./Driver/Component/i2c.o
 .debug_macro   0x0000000000017a9e      0x1bb ./Driver/Component/spi.o
 .debug_macro   0x0000000000017c59      0x1ce ./Driver/Device/eeprom.o
 .debug_macro   0x0000000000017e27       0xa6 ./Driver/Device/eeprom.o
 .debug_macro   0x0000000000017ecd      0x353 ./Driver/Device/esp8266.o
 .debug_macro   0x0000000000018220       0x16 ./Driver/Device/esp8266.o
 .debug_macro   0x0000000000018236       0x20 ./Driver/Device/esp8266.o
 .debug_macro   0x0000000000018256      0x1ce ./Driver/Device/lcd.o
 .debug_macro   0x0000000000018424      0x28b ./Driver/Device/rfid.o
 .debug_macro   0x00000000000186af       0x16 ./Driver/Device/rfid.o
 .debug_macro   0x00000000000186c5      0x1c6 ./Drivers/STM32F1xx_HAL_Driver/Src/stm32f1xx_hal.o
 .debug_macro   0x000000000001888b      0x1a2 ./Drivers/STM32F1xx_HAL_Driver/Src/stm32f1xx_hal_cortex.o
 .debug_macro   0x0000000000018a2d      0x1a2 ./Drivers/STM32F1xx_HAL_Driver/Src/stm32f1xx_hal_dma.o
 .debug_macro   0x0000000000018bcf      0x20d ./Drivers/STM32F1xx_HAL_Driver/Src/stm32f1xx_hal_gpio.o
 .debug_macro   0x0000000000018ddc      0x1f0 ./Drivers/STM32F1xx_HAL_Driver/Src/stm32f1xx_hal_i2c.o
 .debug_macro   0x0000000000018fcc      0x1b4 ./Drivers/STM32F1xx_HAL_Driver/Src/stm32f1xx_hal_rcc.o
 .debug_macro   0x0000000000019180      0x1aa ./Drivers/STM32F1xx_HAL_Driver/Src/stm32f1xx_hal_spi.o
 .debug_macro   0x000000000001932a      0x1a3 ./Drivers/STM32F1xx_HAL_Driver/Src/stm32f1xx_hal_uart.o
 .debug_macro   0x00000000000194cd      0x354 ./MiddleWare/mid_rfid.o
 .debug_macro   0x0000000000019821       0x97 ./MiddleWare/mid_rfid.o
 .debug_macro   0x00000000000198b8       0xfd ./MiddleWare/mid_rfid.o
 .debug_macro   0x00000000000199b5       0xbd ./MiddleWare/mid_rfid.o
 .debug_macro   0x0000000000019a72       0x56 ./MiddleWare/mid_rfid.o

.debug_line     0x0000000000000000    0x150f8
 .debug_line    0x0000000000000000      0xbaf ./App/app_main.o
 .debug_line    0x0000000000000baf      0x6a5 ./BSP/bsp_button.o
 .debug_line    0x0000000000001254      0x6e9 ./BSP/bsp_eeprom.o
 .debug_line    0x000000000000193d      0x6f6 ./BSP/bsp_lcd.o
 .debug_line    0x0000000000002033      0x709 ./BSP/bsp_led.o
 .debug_line    0x000000000000273c      0x749 ./BSP/bsp_rfid.o
 .debug_line    0x0000000000002e85      0x758 ./BSP/bsp_wifi.o
 .debug_line    0x00000000000035dd      0x849 ./Core/Src/main.o
 .debug_line    0x0000000000003e26      0x76e ./Core/Src/stm32f1xx_hal_msp.o
 .debug_line    0x0000000000004594      0x754 ./Core/Src/stm32f1xx_it.o
 .debug_line    0x0000000000004ce8      0x4f8 ./Core/Src/sysmem.o
 .debug_line    0x00000000000051e0      0x6f8 ./Core/Src/system_stm32f1xx.o
 .debug_line    0x00000000000058d8       0x86 ./Core/Startup/startup_stm32f103c8tx.o
 .debug_line    0x000000000000595e      0x6ba ./Driver/Component/gpio.o
 .debug_line    0x0000000000006018      0x690 ./Driver/Component/i2c.o
 .debug_line    0x00000000000066a8      0x67f ./Driver/Component/spi.o
 .debug_line    0x0000000000006d27      0x772 ./Driver/Device/eeprom.o
 .debug_line    0x0000000000007499      0x95b ./Driver/Device/esp8266.o
 .debug_line    0x0000000000007df4      0x81a ./Driver/Device/lcd.o
 .debug_line    0x000000000000860e      0x9fa ./Driver/Device/rfid.o
 .debug_line    0x0000000000009008      0x925 ./Drivers/STM32F1xx_HAL_Driver/Src/stm32f1xx_hal.o
 .debug_line    0x000000000000992d      0xb0d ./Drivers/STM32F1xx_HAL_Driver/Src/stm32f1xx_hal_cortex.o
 .debug_line    0x000000000000a43a      0xd7e ./Drivers/STM32F1xx_HAL_Driver/Src/stm32f1xx_hal_dma.o
 .debug_line    0x000000000000b1b8      0x9be ./Drivers/STM32F1xx_HAL_Driver/Src/stm32f1xx_hal_gpio.o
 .debug_line    0x000000000000bb76     0x3abb ./Drivers/STM32F1xx_HAL_Driver/Src/stm32f1xx_hal_i2c.o
 .debug_line    0x000000000000f631      0xd31 ./Drivers/STM32F1xx_HAL_Driver/Src/stm32f1xx_hal_rcc.o
 .debug_line    0x0000000000010362     0x1c18 ./Drivers/STM32F1xx_HAL_Driver/Src/stm32f1xx_hal_spi.o
 .debug_line    0x0000000000011f7a     0x27ec ./Drivers/STM32F1xx_HAL_Driver/Src/stm32f1xx_hal_uart.o
 .debug_line    0x0000000000014766      0x992 ./MiddleWare/mid_rfid.o

.debug_str      0x0000000000000000    0x879ae
 .debug_str     0x0000000000000000    0x8376b ./App/app_main.o
                                      0x83b33 (size before relaxing)
 .debug_str     0x000000000008376b       0x8c ./BSP/bsp_button.o
                                      0x7f9a9 (size before relaxing)
 .debug_str     0x00000000000837f7       0x3a ./BSP/bsp_eeprom.o
                                      0x7f930 (size before relaxing)
 .debug_str     0x0000000000083831       0x3a ./BSP/bsp_lcd.o
                                      0x7f911 (size before relaxing)
 .debug_str     0x000000000008386b       0x61 ./BSP/bsp_led.o
                                      0x7f996 (size before relaxing)
 .debug_str     0x00000000000838cc       0x62 ./BSP/bsp_rfid.o
                                      0x7f943 (size before relaxing)
 .debug_str     0x000000000008392e       0x44 ./BSP/bsp_wifi.o
                                      0x7f93c (size before relaxing)
 .debug_str     0x0000000000083972      0x939 ./Core/Src/main.o
                                      0x80319 (size before relaxing)
 .debug_str     0x00000000000842ab      0x336 ./Core/Src/stm32f1xx_hal_msp.o
                                      0x804cc (size before relaxing)
 .debug_str     0x00000000000845e1       0xcf ./Core/Src/stm32f1xx_it.o
                                      0x7fd7d (size before relaxing)
 .debug_str     0x00000000000846b0      0x4e9 ./Core/Src/sysmem.o
                                       0x6268 (size before relaxing)
 .debug_str     0x0000000000084b99       0x52 ./Core/Src/system_stm32f1xx.o
                                      0x7f73f (size before relaxing)
 .debug_str     0x0000000000084beb       0x36 ./Core/Startup/startup_stm32f103c8tx.o
                                         0x7c (size before relaxing)
 .debug_str     0x0000000000084c21       0x56 ./Driver/Component/gpio.o
                                      0x7f962 (size before relaxing)
 .debug_str     0x0000000000084c77       0x65 ./Driver/Component/i2c.o
                                      0x7fd99 (size before relaxing)
 .debug_str     0x0000000000084cdc       0x37 ./Driver/Component/spi.o
                                      0x7fcca (size before relaxing)
 .debug_str     0x0000000000084d13      0x289 ./Driver/Device/eeprom.o
                                      0x7fb89 (size before relaxing)
 .debug_str     0x0000000000084f9c       0xfb ./Driver/Device/esp8266.o
                                      0x840c4 (size before relaxing)
 .debug_str     0x0000000000085097       0x6e ./Driver/Device/lcd.o
                                      0x7fbc2 (size before relaxing)
 .debug_str     0x0000000000085105      0x3ba ./Driver/Device/rfid.o
                                      0x7ff40 (size before relaxing)
 .debug_str     0x00000000000854bf      0x2fa ./Drivers/STM32F1xx_HAL_Driver/Src/stm32f1xx_hal.o
                                      0x7fdd0 (size before relaxing)
 .debug_str     0x00000000000857b9      0x300 ./Drivers/STM32F1xx_HAL_Driver/Src/stm32f1xx_hal_cortex.o
                                      0x7fdd8 (size before relaxing)
 .debug_str     0x0000000000085ab9      0x235 ./Drivers/STM32F1xx_HAL_Driver/Src/stm32f1xx_hal_dma.o
                                      0x7fb1a (size before relaxing)
 .debug_str     0x0000000000085cee      0x311 ./Drivers/STM32F1xx_HAL_Driver/Src/stm32f1xx_hal_gpio.o
                                      0x7fb03 (size before relaxing)
 .debug_str     0x0000000000085fff      0xb7e ./Drivers/STM32F1xx_HAL_Driver/Src/stm32f1xx_hal_i2c.o
                                      0x807ce (size before relaxing)
 .debug_str     0x0000000000086b7d      0x244 ./Drivers/STM32F1xx_HAL_Driver/Src/stm32f1xx_hal_rcc.o
                                      0x7fb3c (size before relaxing)
 .debug_str     0x0000000000086dc1      0x52e ./Drivers/STM32F1xx_HAL_Driver/Src/stm32f1xx_hal_spi.o
                                      0x80045 (size before relaxing)
 .debug_str     0x00000000000872ef      0x610 ./Drivers/STM32F1xx_HAL_Driver/Src/stm32f1xx_hal_uart.o
                                      0x80194 (size before relaxing)
 .debug_str     0x00000000000878ff       0xaf ./MiddleWare/mid_rfid.o
                                      0x83aba (size before relaxing)

.comment        0x0000000000000000       0x53
 .comment       0x0000000000000000       0x53 ./App/app_main.o
                                         0x54 (size before relaxing)
 .comment       0x0000000000000053       0x54 ./BSP/bsp_button.o
 .comment       0x0000000000000053       0x54 ./BSP/bsp_eeprom.o
 .comment       0x0000000000000053       0x54 ./BSP/bsp_lcd.o
 .comment       0x0000000000000053       0x54 ./BSP/bsp_led.o
 .comment       0x0000000000000053       0x54 ./BSP/bsp_rfid.o
 .comment       0x0000000000000053       0x54 ./BSP/bsp_wifi.o
 .comment       0x0000000000000053       0x54 ./Core/Src/main.o
 .comment       0x0000000000000053       0x54 ./Core/Src/stm32f1xx_hal_msp.o
 .comment       0x0000000000000053       0x54 ./Core/Src/stm32f1xx_it.o
 .comment       0x0000000000000053       0x54 ./Core/Src/sysmem.o
 .comment       0x0000000000000053       0x54 ./Core/Src/system_stm32f1xx.o
 .comment       0x0000000000000053       0x54 ./Driver/Component/gpio.o
 .comment       0x0000000000000053       0x54 ./Driver/Component/i2c.o
 .comment       0x0000000000000053       0x54 ./Driver/Component/spi.o
 .comment       0x0000000000000053       0x54 ./Driver/Device/eeprom.o
 .comment       0x0000000000000053       0x54 ./Driver/Device/esp8266.o
 .comment       0x0000000000000053       0x54 ./Driver/Device/lcd.o
 .comment       0x0000000000000053       0x54 ./Driver/Device/rfid.o
 .comment       0x0000000000000053       0x54 ./Drivers/STM32F1xx_HAL_Driver/Src/stm32f1xx_hal.o
 .comment       0x0000000000000053       0x54 ./Drivers/STM32F1xx_HAL_Driver/Src/stm32f1xx_hal_cortex.o
 .comment       0x0000000000000053       0x54 ./Drivers/STM32F1xx_HAL_Driver/Src/stm32f1xx_hal_dma.o
 .comment       0x0000000000000053       0x54 ./Drivers/STM32F1xx_HAL_Driver/Src/stm32f1xx_hal_gpio.o
 .comment       0x0000000000000053       0x54 ./Drivers/STM32F1xx_HAL_Driver/Src/stm32f1xx_hal_i2c.o
 .comment       0x0000000000000053       0x54 ./Drivers/STM32F1xx_HAL_Driver/Src/stm32f1xx_hal_rcc.o
 .comment       0x0000000000000053       0x54 ./Drivers/STM32F1xx_HAL_Driver/Src/stm32f1xx_hal_spi.o
 .comment       0x0000000000000053       0x54 ./Drivers/STM32F1xx_HAL_Driver/Src/stm32f1xx_hal_uart.o
 .comment       0x0000000000000053       0x54 ./MiddleWare/mid_rfid.o

.debug_frame    0x0000000000000000     0x3b80
 .debug_frame   0x0000000000000000       0x78 ./App/app_main.o
 .debug_frame   0x0000000000000078       0x54 ./BSP/bsp_button.o
 .debug_frame   0x00000000000000cc       0x58 ./BSP/bsp_eeprom.o
 .debug_frame   0x0000000000000124       0x6c ./BSP/bsp_lcd.o
 .debug_frame   0x0000000000000190       0xcc ./BSP/bsp_led.o
 .debug_frame   0x000000000000025c       0x50 ./BSP/bsp_rfid.o
 .debug_frame   0x00000000000002ac       0x6c ./BSP/bsp_wifi.o
 .debug_frame   0x0000000000000318       0xe0 ./Core/Src/main.o
 .debug_frame   0x00000000000003f8      0x110 ./Core/Src/stm32f1xx_hal_msp.o
 .debug_frame   0x0000000000000508      0x120 ./Core/Src/stm32f1xx_it.o
 .debug_frame   0x0000000000000628       0x34 ./Core/Src/sysmem.o
 .debug_frame   0x000000000000065c       0x58 ./Core/Src/system_stm32f1xx.o
 .debug_frame   0x00000000000006b4       0x7c ./Driver/Component/gpio.o
 .debug_frame   0x0000000000000730       0x58 ./Driver/Component/i2c.o
 .debug_frame   0x0000000000000788       0x34 ./Driver/Component/spi.o
 .debug_frame   0x00000000000007bc       0x7c ./Driver/Device/eeprom.o
 .debug_frame   0x0000000000000838       0xa4 ./Driver/Device/esp8266.o
 .debug_frame   0x00000000000008dc       0xf4 ./Driver/Device/lcd.o
 .debug_frame   0x00000000000009d0      0x190 ./Driver/Device/rfid.o
 .debug_frame   0x0000000000000b60      0x334 ./Drivers/STM32F1xx_HAL_Driver/Src/stm32f1xx_hal.o
 .debug_frame   0x0000000000000e94      0x428 ./Drivers/STM32F1xx_HAL_Driver/Src/stm32f1xx_hal_cortex.o
 .debug_frame   0x00000000000012bc      0x208 ./Drivers/STM32F1xx_HAL_Driver/Src/stm32f1xx_hal_dma.o
 .debug_frame   0x00000000000014c4      0x14c ./Drivers/STM32F1xx_HAL_Driver/Src/stm32f1xx_hal_gpio.o
 .debug_frame   0x0000000000001610      0xc84 ./Drivers/STM32F1xx_HAL_Driver/Src/stm32f1xx_hal_i2c.o
 .debug_frame   0x0000000000002294      0x218 ./Drivers/STM32F1xx_HAL_Driver/Src/stm32f1xx_hal_rcc.o
 .debug_frame   0x00000000000024ac      0x824 ./Drivers/STM32F1xx_HAL_Driver/Src/stm32f1xx_hal_spi.o
 .debug_frame   0x0000000000002cd0      0x944 ./Drivers/STM32F1xx_HAL_Driver/Src/stm32f1xx_hal_uart.o
 .debug_frame   0x0000000000003614       0xd0 ./MiddleWare/mid_rfid.o
 .debug_frame   0x00000000000036e4       0x20 c:/st/stm32cubeide_1.7.0/stm32cubeide/plugins/com.st.stm32cube.ide.mcu.externaltools.gnu-tools-for-stm32.9-2020-q2-update.win32_2.0.0.202105311346/tools/bin/../lib/gcc/arm-none-eabi/9.3.1/../../../../arm-none-eabi/lib/thumb/v7-m/nofp\libc_nano.a(lib_a-errno.o)
 .debug_frame   0x0000000000003704       0x2c c:/st/stm32cubeide_1.7.0/stm32cubeide/plugins/com.st.stm32cube.ide.mcu.externaltools.gnu-tools-for-stm32.9-2020-q2-update.win32_2.0.0.202105311346/tools/bin/../lib/gcc/arm-none-eabi/9.3.1/../../../../arm-none-eabi/lib/thumb/v7-m/nofp\libc_nano.a(lib_a-init.o)
 .debug_frame   0x0000000000003730       0x20 c:/st/stm32cubeide_1.7.0/stm32cubeide/plugins/com.st.stm32cube.ide.mcu.externaltools.gnu-tools-for-stm32.9-2020-q2-update.win32_2.0.0.202105311346/tools/bin/../lib/gcc/arm-none-eabi/9.3.1/../../../../arm-none-eabi/lib/thumb/v7-m/nofp\libc_nano.a(lib_a-memset.o)
 .debug_frame   0x0000000000003750       0x6c c:/st/stm32cubeide_1.7.0/stm32cubeide/plugins/com.st.stm32cube.ide.mcu.externaltools.gnu-tools-for-stm32.9-2020-q2-update.win32_2.0.0.202105311346/tools/bin/../lib/gcc/arm-none-eabi/9.3.1/../../../../arm-none-eabi/lib/thumb/v7-m/nofp\libc_nano.a(lib_a-sprintf.o)
 .debug_frame   0x00000000000037bc       0x30 c:/st/stm32cubeide_1.7.0/stm32cubeide/plugins/com.st.stm32cube.ide.mcu.externaltools.gnu-tools-for-stm32.9-2020-q2-update.win32_2.0.0.202105311346/tools/bin/../lib/gcc/arm-none-eabi/9.3.1/../../../../arm-none-eabi/lib/thumb/v7-m/nofp\libc_nano.a(lib_a-strstr.o)
 .debug_frame   0x00000000000037ec       0x90 c:/st/stm32cubeide_1.7.0/stm32cubeide/plugins/com.st.stm32cube.ide.mcu.externaltools.gnu-tools-for-stm32.9-2020-q2-update.win32_2.0.0.202105311346/tools/bin/../lib/gcc/arm-none-eabi/9.3.1/../../../../arm-none-eabi/lib/thumb/v7-m/nofp\libc_nano.a(lib_a-nano-svfprintf.o)
 .debug_frame   0x000000000000387c       0x60 c:/st/stm32cubeide_1.7.0/stm32cubeide/plugins/com.st.stm32cube.ide.mcu.externaltools.gnu-tools-for-stm32.9-2020-q2-update.win32_2.0.0.202105311346/tools/bin/../lib/gcc/arm-none-eabi/9.3.1/../../../../arm-none-eabi/lib/thumb/v7-m/nofp\libc_nano.a(lib_a-nano-vfprintf_i.o)
 .debug_frame   0x00000000000038dc       0x28 c:/st/stm32cubeide_1.7.0/stm32cubeide/plugins/com.st.stm32cube.ide.mcu.externaltools.gnu-tools-for-stm32.9-2020-q2-update.win32_2.0.0.202105311346/tools/bin/../lib/gcc/arm-none-eabi/9.3.1/../../../../arm-none-eabi/lib/thumb/v7-m/nofp\libc_nano.a(lib_a-memchr-stub.o)
 .debug_frame   0x0000000000003904       0x28 c:/st/stm32cubeide_1.7.0/stm32cubeide/plugins/com.st.stm32cube.ide.mcu.externaltools.gnu-tools-for-stm32.9-2020-q2-update.win32_2.0.0.202105311346/tools/bin/../lib/gcc/arm-none-eabi/9.3.1/../../../../arm-none-eabi/lib/thumb/v7-m/nofp\libc_nano.a(lib_a-memcpy-stub.o)
 .debug_frame   0x000000000000392c       0x28 c:/st/stm32cubeide_1.7.0/stm32cubeide/plugins/com.st.stm32cube.ide.mcu.externaltools.gnu-tools-for-stm32.9-2020-q2-update.win32_2.0.0.202105311346/tools/bin/../lib/gcc/arm-none-eabi/9.3.1/../../../../arm-none-eabi/lib/thumb/v7-m/nofp\libc_nano.a(lib_a-memmove.o)
 .debug_frame   0x0000000000003954       0x38 c:/st/stm32cubeide_1.7.0/stm32cubeide/plugins/com.st.stm32cube.ide.mcu.externaltools.gnu-tools-for-stm32.9-2020-q2-update.win32_2.0.0.202105311346/tools/bin/../lib/gcc/arm-none-eabi/9.3.1/../../../../arm-none-eabi/lib/thumb/v7-m/nofp\libc_nano.a(lib_a-nano-freer.o)
 .debug_frame   0x000000000000398c       0x30 c:/st/stm32cubeide_1.7.0/stm32cubeide/plugins/com.st.stm32cube.ide.mcu.externaltools.gnu-tools-for-stm32.9-2020-q2-update.win32_2.0.0.202105311346/tools/bin/../lib/gcc/arm-none-eabi/9.3.1/../../../../arm-none-eabi/lib/thumb/v7-m/nofp\libc_nano.a(lib_a-nano-mallocr.o)